
Arm A — Positive Preference SVD Grid
  Dataset:    spotify-mssd-mini
  Thresholds: pos >= [3, 4, 5]
  References: Rendle et al. 2009 (BPR), He et al. 2017 (NCF)
  Output:     outputs/spotify/grid_summary_arm_a.json

  [1/3] arm_a_pos_ge_3  (rating >= 3)
    45,105 rows kept (removed 23,167 / 33.9%)
    Loaded tuned params (nDCG@10 (val)=0.3179)
    Model saved → outputs/spotify/models/arm_a/pos_ge_3/model.pkl
Evaluating:   0%|          | 0/6376 [00:00<?, ?it/s]Evaluating:  39%|███▉      | 2518/6376 [00:00<00:00, 21220.04it/s]Evaluating:  73%|███████▎  | 4641/6376 [00:02<00:01, 1677.73it/s] Evaluating:  87%|████████▋ | 5571/6376 [00:03<00:00, 1356.54it/s]Evaluating:  96%|█████████▌| 6116/6376 [00:03<00:00, 1293.65it/s]Evaluating: 100%|██████████| 6376/6376 [00:04<00:00, 1528.42it/s]
    nDCG@10=0.3447  HR@10=0.4940  MRR=0.3075
  [2/3] arm_a_pos_ge_4  (rating >= 4)
    37,614 rows kept (removed 30,658 / 44.9%)
    Loaded tuned params (nDCG@10 (val)=0.3111)
    Model saved → outputs/spotify/models/arm_a/pos_ge_4/model.pkl
Evaluating:   0%|          | 0/6376 [00:00<?, ?it/s]Evaluating:  38%|███▊      | 2408/6376 [00:00<00:00, 22660.62it/s]Evaluating:  73%|███████▎  | 4675/6376 [00:02<00:01, 1543.82it/s] Evaluating:  89%|████████▉ | 5662/6376 [00:03<00:00, 1305.13it/s]Evaluating:  98%|█████████▊| 6240/6376 [00:04<00:00, 1210.35it/s]Evaluating: 100%|██████████| 6376/6376 [00:04<00:00, 1437.69it/s]
    nDCG@10=0.3446  HR@10=0.4821  MRR=0.3105
  [3/3] arm_a_pos_ge_5  (rating >= 5)
    23,924 rows kept (removed 44,348 / 65.0%)
    Loaded tuned params (nDCG@10 (val)=0.2569)
    Model saved → outputs/spotify/models/arm_a/pos_ge_5/model.pkl
Evaluating:   0%|          | 0/6376 [00:00<?, ?it/s]Evaluating:  66%|██████▌   | 4202/6376 [00:00<00:00, 41021.09it/s]Evaluating: 100%|██████████| 6376/6376 [00:02<00:00, 2495.25it/s] 
    nDCG@10=0.2974  HR@10=0.4128  MRR=0.2694

Done. Results in outputs/spotify/grid_summary_arm_a.json
