
Hyperparameter Tuning — SVD Arm A
  Dataset:   movielens-10m
  Arm:       Positive Preference
  Threshold: pos_ge_4
  Trials:    200
  Engine:    Random Search (install optuna for Bayesian)
  Output:    outputs/movielens/ml-10m/tuning/arm_a/pos_ge_4/best_params.json

  Running 200 random trials...
  [10/200] best nDCG@10=0.0741
  [20/200] best nDCG@10=0.0741
  [30/200] best nDCG@10=0.1310
  [40/200] best nDCG@10=0.1310
  [50/200] best nDCG@10=0.1310
  [60/200] best nDCG@10=0.1310
  [70/200] best nDCG@10=0.1310
  [80/200] best nDCG@10=0.1310
  [90/200] best nDCG@10=0.1310
  [100/200] best nDCG@10=0.1310
  [110/200] best nDCG@10=0.1310
  [120/200] best nDCG@10=0.1643
  [130/200] best nDCG@10=0.1643
  [140/200] best nDCG@10=0.1712
  [150/200] best nDCG@10=0.1712
  [160/200] best nDCG@10=0.1712
  [170/200] best nDCG@10=0.1712
  [180/200] best nDCG@10=0.1712
  [190/200] best nDCG@10=0.1712
  [200/200] best nDCG@10=0.1712

Best nDCG@10 (val): 0.1712
Best params: {'n_factors': 50, 'n_epochs': 20, 'lr_all': 0.001, 'reg_all': 0.005, 'biased': False}

Saved to outputs/movielens/ml-10m/tuning/arm_a/pos_ge_4/best_params.json
