
Hyperparameter Tuning — SVD Arm A
  Dataset:   movielens-10m
  Arm:       Positive Preference
  Threshold: pos_ge_5
  Trials:    200
  Engine:    Random Search (install optuna for Bayesian)
  Output:    outputs/movielens/ml-10m/tuning/arm_a/pos_ge_5/best_params.json

  Running 200 random trials...
  [10/200] best nDCG@10=0.0836
  [20/200] best nDCG@10=0.0921
  [30/200] best nDCG@10=0.1746
  [40/200] best nDCG@10=0.1746
  [50/200] best nDCG@10=0.1746
  [60/200] best nDCG@10=0.1746
  [70/200] best nDCG@10=0.1746
  [80/200] best nDCG@10=0.1746
  [90/200] best nDCG@10=0.1746
  [100/200] best nDCG@10=0.1746
  [110/200] best nDCG@10=0.1746
  [120/200] best nDCG@10=0.1762
  [130/200] best nDCG@10=0.1762
  [140/200] best nDCG@10=0.1952
  [150/200] best nDCG@10=0.1952
  [160/200] best nDCG@10=0.1952
  [170/200] best nDCG@10=0.1952
  [180/200] best nDCG@10=0.1952
  [190/200] best nDCG@10=0.1952
  [200/200] best nDCG@10=0.1952

Best nDCG@10 (val): 0.1952
Best params: {'n_factors': 50, 'n_epochs': 20, 'lr_all': 0.001, 'reg_all': 0.005, 'biased': False}

Saved to outputs/movielens/ml-10m/tuning/arm_a/pos_ge_5/best_params.json
