
Hyperparameter Tuning — SVD Arm A
  Dataset:   movielens-20m
  Arm:       Positive Preference
  Threshold: pos_ge_5
  Trials:    200
  Engine:    Random Search (install optuna for Bayesian)
  Output:    outputs/movielens/ml-20m/tuning/arm_a/pos_ge_5/best_params.json

  Running 200 random trials...
  [10/200] best nDCG@10=0.0935
  [20/200] best nDCG@10=0.1239
  [30/200] best nDCG@10=0.1839
  [40/200] best nDCG@10=0.1839
  [50/200] best nDCG@10=0.1839
  [60/200] best nDCG@10=0.1839
  [70/200] best nDCG@10=0.1839
  [80/200] best nDCG@10=0.1839
  [90/200] best nDCG@10=0.1839
  [100/200] best nDCG@10=0.1839
  [110/200] best nDCG@10=0.1839
  [120/200] best nDCG@10=0.1848
  [130/200] best nDCG@10=0.1848
  [140/200] best nDCG@10=0.2230
  [150/200] best nDCG@10=0.2230
  [160/200] best nDCG@10=0.2230
  [170/200] best nDCG@10=0.2230
  [180/200] best nDCG@10=0.2230
  [190/200] best nDCG@10=0.2230
  [200/200] best nDCG@10=0.2230

Best nDCG@10 (val): 0.2230
Best params: {'n_factors': 50, 'n_epochs': 20, 'lr_all': 0.001, 'reg_all': 0.005, 'biased': False}

Saved to outputs/movielens/ml-20m/tuning/arm_a/pos_ge_5/best_params.json
