
Hyperparameter Tuning — SVD Arm A
  Dataset:   movielens-10m
  Arm:       Positive Preference
  Threshold: pos_ge_3
  Trials:    200
  Engine:    Random Search (install optuna for Bayesian)
  Output:    outputs/movielens/ml-10m/tuning/arm_a/pos_ge_3/best_params.json

  Running 200 random trials...
  [10/200] best nDCG@10=0.0782
  [20/200] best nDCG@10=0.0782
  [30/200] best nDCG@10=0.1073
  [40/200] best nDCG@10=0.1073
  [50/200] best nDCG@10=0.1225
  [60/200] best nDCG@10=0.1225
  [70/200] best nDCG@10=0.1225
  [80/200] best nDCG@10=0.1225
  [90/200] best nDCG@10=0.1225
  [100/200] best nDCG@10=0.1225
  [110/200] best nDCG@10=0.1225
  [120/200] best nDCG@10=0.1225
  [130/200] best nDCG@10=0.1225
  [140/200] best nDCG@10=0.1274
  [150/200] best nDCG@10=0.1274
  [160/200] best nDCG@10=0.1274
  [170/200] best nDCG@10=0.1274
  [180/200] best nDCG@10=0.1274
  [190/200] best nDCG@10=0.1274
  [200/200] best nDCG@10=0.1274

Best nDCG@10 (val): 0.1274
Best params: {'n_factors': 50, 'n_epochs': 20, 'lr_all': 0.001, 'reg_all': 0.005, 'biased': False}

Saved to outputs/movielens/ml-10m/tuning/arm_a/pos_ge_3/best_params.json
