
Hyperparameter Tuning — SVD Arm A
  Dataset:   movielens-20m
  Arm:       Positive Preference
  Threshold: pos_ge_4
  Trials:    200
  Engine:    Random Search (install optuna for Bayesian)
  Output:    outputs/movielens/ml-20m/tuning/arm_a/pos_ge_4/best_params.json

  Running 200 random trials...
  [10/200] best nDCG@10=0.0937
  [20/200] best nDCG@10=0.0937
  [30/200] best nDCG@10=0.1439
  [40/200] best nDCG@10=0.1439
  [50/200] best nDCG@10=0.1439
  [60/200] best nDCG@10=0.1439
  [70/200] best nDCG@10=0.1439
  [80/200] best nDCG@10=0.1439
  [90/200] best nDCG@10=0.1439
  [100/200] best nDCG@10=0.1439
  [110/200] best nDCG@10=0.1439
  [120/200] best nDCG@10=0.1543
  [130/200] best nDCG@10=0.1543
  [140/200] best nDCG@10=0.1787
  [150/200] best nDCG@10=0.1787
  [160/200] best nDCG@10=0.1787
  [170/200] best nDCG@10=0.1787
  [180/200] best nDCG@10=0.1787
  [190/200] best nDCG@10=0.1787
  [200/200] best nDCG@10=0.1787

Best nDCG@10 (val): 0.1787
Best params: {'n_factors': 50, 'n_epochs': 20, 'lr_all': 0.001, 'reg_all': 0.005, 'biased': False}

Saved to outputs/movielens/ml-20m/tuning/arm_a/pos_ge_4/best_params.json
