
Hyperparameter Tuning — SVD Arm A
  Dataset:   movielens-1m
  Arm:       Positive Preference
  Threshold: pos_ge_4
  Trials:    200
  Engine:    Random Search (install optuna for Bayesian)
  Output:    outputs/movielens/ml-1m/tuning/arm_a/pos_ge_4/best_params.json

  Running 200 random trials...
  [10/200] best nDCG@10=0.0520
  [20/200] best nDCG@10=0.0520
  [30/200] best nDCG@10=0.0660
  [40/200] best nDCG@10=0.0660
  [50/200] best nDCG@10=0.0660
  [60/200] best nDCG@10=0.0660
  [70/200] best nDCG@10=0.0669
  [80/200] best nDCG@10=0.0669
  [90/200] best nDCG@10=0.0669
  [100/200] best nDCG@10=0.0669
  [110/200] best nDCG@10=0.0669
  [120/200] best nDCG@10=0.0767
  [130/200] best nDCG@10=0.0767
  [140/200] best nDCG@10=0.0774
  [150/200] best nDCG@10=0.0774
  [160/200] best nDCG@10=0.0774
  [170/200] best nDCG@10=0.0774
  [180/200] best nDCG@10=0.0774
  [190/200] best nDCG@10=0.0774
  [200/200] best nDCG@10=0.0774

Best nDCG@10 (val): 0.0774
Best params: {'n_factors': 50, 'n_epochs': 20, 'lr_all': 0.001, 'reg_all': 0.005, 'biased': False}

Saved to outputs/movielens/ml-1m/tuning/arm_a/pos_ge_4/best_params.json
