
============================================================
Experiment grid: 36 runs (full)
Already completed: 36
============================================================

[1/36] SKIP (done): baseline
[2/36] SKIP (done): filter_fixed_1
[3/36] SKIP (done): rerank_fixed_1_a0.1
[4/36] SKIP (done): rerank_fixed_1_a0.3
[5/36] SKIP (done): rerank_fixed_1_a1.0
[6/36] SKIP (done): weighted_fixed_1_a0.1
[7/36] SKIP (done): weighted_fixed_1_a0.3
[8/36] SKIP (done): weighted_fixed_1_a1.0
[9/36] SKIP (done): filter_fixed_2
[10/36] SKIP (done): rerank_fixed_2_a0.1
[11/36] SKIP (done): rerank_fixed_2_a0.3
[12/36] SKIP (done): rerank_fixed_2_a1.0
[13/36] SKIP (done): weighted_fixed_2_a0.1
[14/36] SKIP (done): weighted_fixed_2_a0.3
[15/36] SKIP (done): weighted_fixed_2_a1.0
[16/36] SKIP (done): filter_fixed_3
[17/36] SKIP (done): rerank_fixed_3_a0.1
[18/36] SKIP (done): rerank_fixed_3_a0.3
[19/36] SKIP (done): rerank_fixed_3_a1.0
[20/36] SKIP (done): weighted_fixed_3_a0.1
[21/36] SKIP (done): weighted_fixed_3_a0.3
[22/36] SKIP (done): weighted_fixed_3_a1.0
[23/36] SKIP (done): filter_median
[24/36] SKIP (done): rerank_median_a0.1
[25/36] SKIP (done): rerank_median_a0.3
[26/36] SKIP (done): rerank_median_a1.0
[27/36] SKIP (done): weighted_median_a0.1
[28/36] SKIP (done): weighted_median_a0.3
[29/36] SKIP (done): weighted_median_a1.0
[30/36] SKIP (done): filter_modus
[31/36] SKIP (done): rerank_modus_a0.1
[32/36] SKIP (done): rerank_modus_a0.3
[33/36] SKIP (done): rerank_modus_a1.0
[34/36] SKIP (done): weighted_modus_a0.1
[35/36] SKIP (done): weighted_modus_a0.3
[36/36] SKIP (done): weighted_modus_a1.0
Summary saved -> outputs/movielens/ml-20m/grid_summary.json

Grid complete. See outputs/movielens/ml-20m/runs/
