
Hyperparameter Tuning — SVD Arm D
  Dataset:   movielens-1m
  Arm:       Joint Positive-Negative SVD (binary targets)
  Label:     pos_ge_5_neg_le_1
  Trials:    200
  Engine:    Random Search (install optuna for Bayesian)
  Output:    outputs/movielens/ml-1m/tuning/arm_d/pos_ge_5_neg_le_1/best_params.json

  Running 200 random trials...
  [10/200] best nDCG@10=0.0794
  [20/200] best nDCG@10=0.0794
  [30/200] best nDCG@10=0.0981
  [40/200] best nDCG@10=0.0981
  [50/200] best nDCG@10=0.0981
  [60/200] best nDCG@10=0.0981
  [70/200] best nDCG@10=0.0981
  [80/200] best nDCG@10=0.0981
  [90/200] best nDCG@10=0.0981
  [100/200] best nDCG@10=0.0981
  [110/200] best nDCG@10=0.0981
  [120/200] best nDCG@10=0.0981
  [130/200] best nDCG@10=0.0981
  [140/200] best nDCG@10=0.0981
  [150/200] best nDCG@10=0.0981
  [160/200] best nDCG@10=0.0981
  [170/200] best nDCG@10=0.0981
  [180/200] best nDCG@10=0.0981
  [190/200] best nDCG@10=0.0981
  [200/200] best nDCG@10=0.0981

Best nDCG@10 (val, binary-target model): 0.0981
Best params: {'n_factors': 10, 'n_epochs': 20, 'lr_all': 0.002, 'reg_all': 0.005, 'biased': False}

Saved to outputs/movielens/ml-1m/tuning/arm_d/pos_ge_5_neg_le_1/best_params.json
