
Hyperparameter Tuning — SVD Arm D
  Dataset:   spotify-mssd-mini
  Arm:       Joint Positive-Negative SVD (binary targets)
  Label:     pos_ge_4_neg_le_1
  Trials:    200
  Engine:    Random Search (install optuna for Bayesian)
  Output:    outputs/spotify/tuning/arm_d/pos_ge_4_neg_le_1/best_params.json

  Running 200 random trials...
  [10/200] best nDCG@10=0.2649
  [20/200] best nDCG@10=0.2649
  [30/200] best nDCG@10=0.2649
  [40/200] best nDCG@10=0.2736
  [50/200] best nDCG@10=0.2736
  [60/200] best nDCG@10=0.2913
  [70/200] best nDCG@10=0.2913
  [80/200] best nDCG@10=0.2913
  [90/200] best nDCG@10=0.2913
  [100/200] best nDCG@10=0.2913
  [110/200] best nDCG@10=0.2913
  [120/200] best nDCG@10=0.2913
  [130/200] best nDCG@10=0.2913
  [140/200] best nDCG@10=0.2913
  [150/200] best nDCG@10=0.2913
  [160/200] best nDCG@10=0.2913
  [170/200] best nDCG@10=0.2913
  [180/200] best nDCG@10=0.2913
  [190/200] best nDCG@10=0.2913
  [200/200] best nDCG@10=0.2913

Best nDCG@10 (val, binary-target model): 0.2913
Best params: {'n_factors': 150, 'n_epochs': 100, 'lr_all': 0.02, 'reg_all': 0.1, 'biased': False}

Saved to outputs/spotify/tuning/arm_d/pos_ge_4_neg_le_1/best_params.json
