
Hyperparameter Tuning — SVD Arm D
  Dataset:  movielens-20m
  Arm:      Joint Positive-Negative SVD (binary targets)
  Label:    pos_ge_5_neg_le_1
  Trials:   200
  Engine:   Optuna TPE
  Output:   outputs/movielens/ml-20m/tuning/arm_d/pos_ge_5_neg_le_1/best_params.json

  Preparing training data (once)...
  Joint train: 2,844,951 positives + 906,200 negatives = 3,751,151 rows

  Preparing candidate cache (once)...
    Candidate cache built   (5,000 users) → candidates_n500_u5000_s42.parquet
    Evaluation users: 5,000

  [1/200] nDCG@10=0.1247  best=0.1247  trial_time=502.6s  ETA=27.78h
  [2/200] nDCG@10=0.0108  best=0.1247  trial_time=461.8s  ETA=26.52h
  [3/200] nDCG@10=0.0030  best=0.1247  trial_time=274.3s  ETA=22.59h
  [4/200] nDCG@10=0.1682  best=0.1682  trial_time=377.1s  ETA=21.99h
  [5/200] nDCG@10=0.1841  best=0.1841  trial_time=130.6s  ETA=18.92h
  [6/200] nDCG@10=0.0097  best=0.1841  trial_time=388.1s  ETA=19.17h
  [7/200] nDCG@10=0.0536  best=0.1841  trial_time=211.4s  ETA=17.97h
  [8/200] nDCG@10=0.2102  best=0.2102  trial_time=271.4s  ETA=17.45h
