
Known-Negative Candidate Injection Evaluation
  config:    configs/spotify.yaml
  output:    outputs/spotify/grid_summary_known_neg_eval.json
  protocol:  50 known-disliked items injected per user
             + 450 neutral unseen items + 1 true test item
  workers:   12 threads (ThreadPoolExecutor)
  paper:     Krichene & Rendle 2020 (KDD) — sampled evaluation

Loading data...
Training baseline SVD (once, shared across all experiments)...
  Done. 3,490 items, 6,376 users

  [1/36] SKIP: baseline
  [2/36] SKIP: filter_fixed_1
  [3/36] SKIP: filter_fixed_2
  [4/36] SKIP: filter_fixed_3
  [5/36] SKIP: filter_median
  [6/36] SKIP: filter_modus
  [7/36] SKIP: rerank_fixed_1_a0.1
  [8/36] SKIP: rerank_fixed_1_a0.3
  [9/36] SKIP: rerank_fixed_1_a1.0
  [10/36] SKIP: rerank_fixed_2_a0.1
  [11/36] SKIP: rerank_fixed_2_a0.3
  [12/36] SKIP: rerank_fixed_2_a1.0
  [13/36] SKIP: rerank_fixed_3_a0.1
  [14/36] SKIP: rerank_fixed_3_a0.3
  [15/36] SKIP: rerank_fixed_3_a1.0
  [16/36] SKIP: rerank_median_a0.1
  [17/36] SKIP: rerank_median_a0.3
  [18/36] SKIP: rerank_median_a1.0
  [19/36] SKIP: rerank_modus_a0.1
  [20/36] SKIP: rerank_modus_a0.3
  [21/36] SKIP: rerank_modus_a1.0
  [22/36] Running: weighted_fixed_1_a0.1
weighted:   0%|          | 0/6376 [00:00<?, ?it/s]                                                      ERROR: 'set' object has no attribute 'keys'
  [23/36] Running: weighted_fixed_1_a0.3
weighted:   0%|          | 0/6376 [00:00<?, ?it/s]                                                      ERROR: 'set' object has no attribute 'keys'
  [24/36] Running: weighted_fixed_1_a1.0
weighted:   0%|          | 0/6376 [00:00<?, ?it/s]                                                      ERROR: 'set' object has no attribute 'keys'
  [25/36] Running: weighted_fixed_2_a0.1
weighted:   0%|          | 0/6376 [00:00<?, ?it/s]                                                      ERROR: 'set' object has no attribute 'keys'
  [26/36] Running: weighted_fixed_2_a0.3
