
Hyperparameter Tuning — SVD Arm B
  Dataset:   movielens-10m
  Arm:       Negative Dislike-Risk
  Threshold: neg_median
  Trials:    200
  Engine:    Random Search (install optuna for Bayesian)
  Output:    outputs/movielens/ml-10m/tuning/arm_b/neg_median/best_params.json

  Running 200 random trials...
  [10/200] best neg_hit@10=0.0752
  [20/200] best neg_hit@10=0.0752
  [30/200] best neg_hit@10=0.0752
  [40/200] best neg_hit@10=0.0752
  [50/200] best neg_hit@10=0.1110
  [60/200] best neg_hit@10=0.1110
  [70/200] best neg_hit@10=0.1110
  [80/200] best neg_hit@10=0.1164
  [90/200] best neg_hit@10=0.1164
  [100/200] best neg_hit@10=0.1164
  [110/200] best neg_hit@10=0.1164
  [120/200] best neg_hit@10=0.1164
