
Hyperparameter Tuning — SVD Arm B
  Dataset:   movielens-10m
  Arm:       Negative Dislike-Risk
  Threshold: neg_modus
  Trials:    200
  Engine:    Random Search (install optuna for Bayesian)
  Output:    outputs/movielens/ml-10m/tuning/arm_b/neg_modus/best_params.json

  Running 200 random trials...
  [10/200] best neg_hit@10=0.0666
  [20/200] best neg_hit@10=0.0666
  [30/200] best neg_hit@10=0.0666
  [40/200] best neg_hit@10=0.0666
  [50/200] best neg_hit@10=0.1026
  [60/200] best neg_hit@10=0.1026
  [70/200] best neg_hit@10=0.1026
  [80/200] best neg_hit@10=0.1026
  [90/200] best neg_hit@10=0.1026
  [100/200] best neg_hit@10=0.1026
  [110/200] best neg_hit@10=0.1026
  [120/200] best neg_hit@10=0.1026
  [130/200] best neg_hit@10=0.1026
