
Hyperparameter Tuning — SVD Arm B
  Dataset:   movielens-1m
  Arm:       Negative Dislike-Risk
  Threshold: neg_le_2
  Trials:    200
  Engine:    Random Search (install optuna for Bayesian)
  Output:    outputs/movielens/ml-1m/tuning/arm_b/neg_le_2/best_params.json

  Running 200 random trials...
  [10/200] best neg_hit@10=0.0462
  [20/200] best neg_hit@10=0.0462
  [30/200] best neg_hit@10=0.0966
  [40/200] best neg_hit@10=0.0966
  [50/200] best neg_hit@10=0.0966
  [60/200] best neg_hit@10=0.0966
  [70/200] best neg_hit@10=0.0966
  [80/200] best neg_hit@10=0.0966
  [90/200] best neg_hit@10=0.0966
  [100/200] best neg_hit@10=0.0966
  [110/200] best neg_hit@10=0.0966
  [120/200] best neg_hit@10=0.0966
  [130/200] best neg_hit@10=0.0966
  [140/200] best neg_hit@10=0.0966
  [150/200] best neg_hit@10=0.0966
  [160/200] best neg_hit@10=0.0966
  [170/200] best neg_hit@10=0.0966
  [180/200] best neg_hit@10=0.0966
  [190/200] best neg_hit@10=0.0966
  [200/200] best neg_hit@10=0.0966

Best negative_detection_hit@10 (neg-LOO val): 0.0966
Best params: {'n_factors': 10, 'n_epochs': 20, 'lr_all': 0.002, 'reg_all': 0.03, 'biased': False}

Saved to outputs/movielens/ml-1m/tuning/arm_b/neg_le_2/best_params.json
