
Hyperparameter Tuning — SVD Arm B
  Dataset:   spotify-mssd-mini
  Arm:       Negative Dislike-Risk
  Threshold: neg_le_3
  Trials:    200
  Engine:    Random Search (install optuna for Bayesian)
  Output:    outputs/spotify/tuning/arm_b/neg_le_3/best_params.json

  Running 200 random trials...
  [10/200] best neg_hit@10=0.3376
  [20/200] best neg_hit@10=0.3463
  [30/200] best neg_hit@10=0.3463
  [40/200] best neg_hit@10=0.3607
  [50/200] best neg_hit@10=0.3607
  [60/200] best neg_hit@10=0.3607
  [70/200] best neg_hit@10=0.3607
  [80/200] best neg_hit@10=0.3844
  [90/200] best neg_hit@10=0.3844
  [100/200] best neg_hit@10=0.3844
  [110/200] best neg_hit@10=0.3844
  [120/200] best neg_hit@10=0.3844
  [130/200] best neg_hit@10=0.3844
  [140/200] best neg_hit@10=0.3844
  [150/200] best neg_hit@10=0.3844
  [160/200] best neg_hit@10=0.3844
  [170/200] best neg_hit@10=0.3844
  [180/200] best neg_hit@10=0.3844
  [190/200] best neg_hit@10=0.3844
  [200/200] best neg_hit@10=0.3844

Best negative_detection_hit@10 (neg-LOO val): 0.3844
Best params: {'n_factors': 200, 'n_epochs': 100, 'lr_all': 0.02, 'reg_all': 0.1, 'biased': False}

Saved to outputs/spotify/tuning/arm_b/neg_le_3/best_params.json
