
Hyperparameter Tuning — SVD Arm B
  Dataset:   spotify-mssd-mini
  Arm:       Negative Dislike-Risk
  Threshold: neg_median
  Trials:    200
  Engine:    Random Search (install optuna for Bayesian)
  Output:    outputs/spotify/tuning/arm_b/neg_median/best_params.json

  Running 200 random trials...
  [10/200] best neg_hit@10=0.2956
  [20/200] best neg_hit@10=0.2956
  [30/200] best neg_hit@10=0.2956
  [40/200] best neg_hit@10=0.3158
  [50/200] best neg_hit@10=0.3158
  [60/200] best neg_hit@10=0.3322
  [70/200] best neg_hit@10=0.3322
  [80/200] best neg_hit@10=0.3322
  [90/200] best neg_hit@10=0.3322
  [100/200] best neg_hit@10=0.3322
  [110/200] best neg_hit@10=0.3322
  [120/200] best neg_hit@10=0.3322
  [130/200] best neg_hit@10=0.3322
  [140/200] best neg_hit@10=0.3322
  [150/200] best neg_hit@10=0.3322
  [160/200] best neg_hit@10=0.3322
  [170/200] best neg_hit@10=0.3322
  [180/200] best neg_hit@10=0.3322
  [190/200] best neg_hit@10=0.3322
  [200/200] best neg_hit@10=0.3322

Best negative_detection_hit@10 (neg-LOO val): 0.3322
Best params: {'n_factors': 150, 'n_epochs': 100, 'lr_all': 0.02, 'reg_all': 0.5, 'biased': False}

Saved to outputs/spotify/tuning/arm_b/neg_median/best_params.json
