
Arm C  Hybrid Recommender Grid
  Dataset:     movielens-10m
  Pos:         [3, 4, 5]
  Neg:         ['neg_le_1', 'neg_le_2', 'neg_le_3', 'neg_median', 'neg_modus']
  Alpha:       [0.05, 0.1, 0.2, 0.3, 0.5, 1.0]
  Total:       90 combinations  (90 remaining)
  Workers:     12
  Strategy:    15 model pairs, each scored once, 6 alphas applied per pair
  Output:      outputs/movielens/ml-10m/grid_summary_arm_c.json

Arm C grid:   0%|          | 0/90 [00:00<?, ?it/s]Arm C grid:   0%|          | 0/90 [38:02<?, ?it/s]
Traceback (most recent call last):
  File "scripts/run_arm_c_hybrid_grid.py", line 431, in <module>
    main()
  File "scripts/run_arm_c_hybrid_grid.py", line 318, in main
    results_list = fut.result()
  File "/home/helin/miniconda3/envs/recsys-conda/lib/python3.8/concurrent/futures/_base.py", line 437, in result
    return self.__get_result()
  File "/home/helin/miniconda3/envs/recsys-conda/lib/python3.8/concurrent/futures/_base.py", line 389, in __get_result
    raise self._exception
concurrent.futures.process.BrokenProcessPool: A process in the process pool was terminated abruptly while the future was running or pending.
