
Hyperparameter Tuning — SVD Arm D
  Dataset:  movielens-20m
  Arm:      Joint Positive-Negative SVD (binary targets)
  Label:    pos_ge_4_neg_le_1
  Trials:   150
  Engine:   Optuna TPE
  Output:   outputs/movielens/ml-20m/tuning/arm_d/pos_ge_4_neg_le_1/best_params.json

  Preparing training data (once)...
  Joint train: 9,839,296 positives + 906,200 negatives = 10,745,496 rows

  Preparing candidate cache (once)...
    Candidate cache loaded  (5,000 users) ← candidates_n500_u5000_s42.parquet
    Evaluation users: 5,000

  Resuming Optuna study (48/150 trials done)
  [56/150] nDCG@10=0.0009  best=0.2822  trial_time=547.1s  ETA=14.29h
  [70/150] nDCG@10=0.2347  best=0.2837  trial_time=457.3s  ETA=11.16h
  [79/150] nDCG@10=0.1161  best=0.2837  trial_time=1655.9s  ETA=17.49h
  [100/150] nDCG@10=0.1820  best=0.2837  trial_time=5083.7s  ETA=26.89h
  [112/150] nDCG@10=0.2713  best=0.2837  trial_time=1030.9s  ETA=18.52h
  [126/150] nDCG@10=0.2713  best=0.2837  trial_time=1055.3s  ETA=10.92h
  [139/150] nDCG@10=0.1998  best=0.2837  trial_time=792.2s  ETA=4.64h
  [151/150] nDCG@10=0.2837  best=0.2837  trial_time=641.7s  ETA=-0.39h
  [163/150] nDCG@10=0.2837  best=0.2837  trial_time=632.3s  ETA=-4.77h
  [177/150] nDCG@10=0.2231  best=0.2837  trial_time=1837.2s  ETA=-10.30h
