Master log: logs/hpt_parallel_20260529_174606.log

══════════════════════════════════════════════════════════════
  Launching 12 workers: movielens_20m / p4_n1
  Config: configs/movielens_20m.yaml  |  pos≥4 neg≤1
  Total target trials: 150  |  MAX_USERS: 5000
  Workers share: outputs/movielens/20m/tuning/arm_d/pos_ge_4_neg_le_1/study.db
══════════════════════════════════════════════════════════════
  [w1] PID 124215  →  logs/hpt_parallel_20260529_174606_movielens_20m_p4_n1_w1.log
  [w2] PID 124216  →  logs/hpt_parallel_20260529_174606_movielens_20m_p4_n1_w2.log
  [w3] PID 124217  →  logs/hpt_parallel_20260529_174606_movielens_20m_p4_n1_w3.log
  [w4] PID 124218  →  logs/hpt_parallel_20260529_174606_movielens_20m_p4_n1_w4.log
  [w5] PID 124219  →  logs/hpt_parallel_20260529_174606_movielens_20m_p4_n1_w5.log
  [w6] PID 124220  →  logs/hpt_parallel_20260529_174606_movielens_20m_p4_n1_w6.log
  [w7] PID 124221  →  logs/hpt_parallel_20260529_174606_movielens_20m_p4_n1_w7.log
  [w8] PID 124222  →  logs/hpt_parallel_20260529_174606_movielens_20m_p4_n1_w8.log
  [w9] PID 124223  →  logs/hpt_parallel_20260529_174606_movielens_20m_p4_n1_w9.log
  [w10] PID 124224  →  logs/hpt_parallel_20260529_174606_movielens_20m_p4_n1_w10.log
  [w11] PID 124225  →  logs/hpt_parallel_20260529_174606_movielens_20m_p4_n1_w11.log
  [w12] PID 124226  →  logs/hpt_parallel_20260529_174606_movielens_20m_p4_n1_w12.log
  Waiting for all 12 workers to finish...
  WARNING: one or more workers exited non-zero — check logs
  Results:
    w1: 
    w2: 
    w3: 
    w4: 
    w5: 
    w6: 
    w7: 
    w8: 
    w9: 
    w10: 
    w11: 
    w12: 

Done. Run grid + figures to use the new best params:
  python scripts/run_arm_d_joint_svd_grid.py --config configs/movielens_20m.yaml
  python scripts/generate_all_figures.py

══════════════════════════════════════════════════════════════
 HPT PARALLEL DONE
 Summary: python scripts/summarize_hpt_arm_d.py
 Logs:    logs/hpt_parallel_20260529_174606_*.log
══════════════════════════════════════════════════════════════
