
Hyperparameter Tuning — SVD Arm D
  Dataset:  movielens-20m
  Arm:      Joint Positive-Negative SVD (binary targets)
  Label:    pos_ge_4_neg_le_1
  Trials:   150
  Engine:   Optuna TPE
  Output:   outputs/movielens/ml-20m/tuning/arm_d/pos_ge_4_neg_le_1/best_params.json

  Preparing training data (once)...
  Joint train: 9,839,296 positives + 906,200 negatives = 10,745,496 rows

  Preparing candidate cache (once)...
    Candidate cache loaded  (5,000 users) ← candidates_n500_u5000_s42.parquet
    Evaluation users: 5,000

  Resuming Optuna study (48/150 trials done)
  [53/150] nDCG@10=0.0009  best=0.2822  trial_time=542.4s  ETA=14.61h
  [64/150] nDCG@10=0.2347  best=0.2836  trial_time=423.0s  ETA=11.53h
  [83/150] nDCG@10=0.0797  best=0.2837  trial_time=3119.4s  ETA=25.34h
  [114/150] nDCG@10=0.1471  best=0.2837  trial_time=5014.6s  ETA=22.75h
  [125/150] nDCG@10=0.2837  best=0.2837  trial_time=683.5s  ETA=13.59h
  [137/150] nDCG@10=0.1998  best=0.2837  trial_time=782.8s  ETA=6.36h
  [149/150] nDCG@10=0.2837  best=0.2837  trial_time=660.4s  ETA=0.45h
  [162/150] nDCG@10=0.2837  best=0.2837  trial_time=653.8s  ETA=-4.95h
  [176/150] nDCG@10=0.2231  best=0.2837  trial_time=1830.6s  ETA=-11.00h
