Master log: logs/hpt_parallel_20260529_223318.log
Running ALL pending ML-10M configs with 200 workers each
N_TRIALS=150  MAX_USERS=5000


══════════════════════════════════════════════════════════════
  Launching 200 workers: movielens_10m / p5_n1
  Config: configs/movielens_10m.yaml  |  pos≥5 neg≤1
  Total target trials: 150  |  MAX_USERS: 5000
  Workers share: outputs/movielens/10m/tuning/arm_d/pos_ge_5_neg_le_1/study.db
══════════════════════════════════════════════════════════════
  [w1] PID 129492  →  logs/hpt_parallel_20260529_223318_movielens_10m_p5_n1_w1.log
  [w2] PID 129493  →  logs/hpt_parallel_20260529_223318_movielens_10m_p5_n1_w2.log
  [w3] PID 129494  →  logs/hpt_parallel_20260529_223318_movielens_10m_p5_n1_w3.log
  [w4] PID 129495  →  logs/hpt_parallel_20260529_223318_movielens_10m_p5_n1_w4.log
  [w5] PID 129496  →  logs/hpt_parallel_20260529_223318_movielens_10m_p5_n1_w5.log
  [w6] PID 129497  →  logs/hpt_parallel_20260529_223318_movielens_10m_p5_n1_w6.log
  [w7] PID 129498  →  logs/hpt_parallel_20260529_223318_movielens_10m_p5_n1_w7.log
  [w8] PID 129499  →  logs/hpt_parallel_20260529_223318_movielens_10m_p5_n1_w8.log
  [w9] PID 129500  →  logs/hpt_parallel_20260529_223318_movielens_10m_p5_n1_w9.log
  [w10] PID 129501  →  logs/hpt_parallel_20260529_223318_movielens_10m_p5_n1_w10.log
  [w11] PID 129502  →  logs/hpt_parallel_20260529_223318_movielens_10m_p5_n1_w11.log
  [w12] PID 129503  →  logs/hpt_parallel_20260529_223318_movielens_10m_p5_n1_w12.log
  [w13] PID 129504  →  logs/hpt_parallel_20260529_223318_movielens_10m_p5_n1_w13.log
  [w14] PID 129505  →  logs/hpt_parallel_20260529_223318_movielens_10m_p5_n1_w14.log
  [w15] PID 129506  →  logs/hpt_parallel_20260529_223318_movielens_10m_p5_n1_w15.log
  [w16] PID 129507  →  logs/hpt_parallel_20260529_223318_movielens_10m_p5_n1_w16.log
  [w17] PID 129508  →  logs/hpt_parallel_20260529_223318_movielens_10m_p5_n1_w17.log
  [w18] PID 129509  →  logs/hpt_parallel_20260529_223318_movielens_10m_p5_n1_w18.log
  [w19] PID 129510  →  logs/hpt_parallel_20260529_223318_movielens_10m_p5_n1_w19.log
  [w20] PID 129511  →  logs/hpt_parallel_20260529_223318_movielens_10m_p5_n1_w20.log
  [w21] PID 129512  →  logs/hpt_parallel_20260529_223318_movielens_10m_p5_n1_w21.log
  [w22] PID 129513  →  logs/hpt_parallel_20260529_223318_movielens_10m_p5_n1_w22.log
  [w23] PID 129514  →  logs/hpt_parallel_20260529_223318_movielens_10m_p5_n1_w23.log
  [w24] PID 129515  →  logs/hpt_parallel_20260529_223318_movielens_10m_p5_n1_w24.log
  [w25] PID 129516  →  logs/hpt_parallel_20260529_223318_movielens_10m_p5_n1_w25.log
  [w26] PID 129517  →  logs/hpt_parallel_20260529_223318_movielens_10m_p5_n1_w26.log
  [w27] PID 129518  →  logs/hpt_parallel_20260529_223318_movielens_10m_p5_n1_w27.log
  [w28] PID 129519  →  logs/hpt_parallel_20260529_223318_movielens_10m_p5_n1_w28.log
  [w29] PID 129520  →  logs/hpt_parallel_20260529_223318_movielens_10m_p5_n1_w29.log
  [w30] PID 129521  →  logs/hpt_parallel_20260529_223318_movielens_10m_p5_n1_w30.log
  [w31] PID 129522  →  logs/hpt_parallel_20260529_223318_movielens_10m_p5_n1_w31.log
  [w32] PID 129523  →  logs/hpt_parallel_20260529_223318_movielens_10m_p5_n1_w32.log
  [w33] PID 129524  →  logs/hpt_parallel_20260529_223318_movielens_10m_p5_n1_w33.log
  [w34] PID 129525  →  logs/hpt_parallel_20260529_223318_movielens_10m_p5_n1_w34.log
  [w35] PID 129526  →  logs/hpt_parallel_20260529_223318_movielens_10m_p5_n1_w35.log
  [w36] PID 129527  →  logs/hpt_parallel_20260529_223318_movielens_10m_p5_n1_w36.log
  [w37] PID 129528  →  logs/hpt_parallel_20260529_223318_movielens_10m_p5_n1_w37.log
  [w38] PID 129529  →  logs/hpt_parallel_20260529_223318_movielens_10m_p5_n1_w38.log
  [w39] PID 129530  →  logs/hpt_parallel_20260529_223318_movielens_10m_p5_n1_w39.log
  [w40] PID 129531  →  logs/hpt_parallel_20260529_223318_movielens_10m_p5_n1_w40.log
  [w41] PID 129532  →  logs/hpt_parallel_20260529_223318_movielens_10m_p5_n1_w41.log
  [w42] PID 129533  →  logs/hpt_parallel_20260529_223318_movielens_10m_p5_n1_w42.log
  [w43] PID 129534  →  logs/hpt_parallel_20260529_223318_movielens_10m_p5_n1_w43.log
  [w44] PID 129535  →  logs/hpt_parallel_20260529_223318_movielens_10m_p5_n1_w44.log
  [w45] PID 129536  →  logs/hpt_parallel_20260529_223318_movielens_10m_p5_n1_w45.log
  [w46] PID 129537  →  logs/hpt_parallel_20260529_223318_movielens_10m_p5_n1_w46.log
  [w47] PID 129538  →  logs/hpt_parallel_20260529_223318_movielens_10m_p5_n1_w47.log
  [w48] PID 129539  →  logs/hpt_parallel_20260529_223318_movielens_10m_p5_n1_w48.log
  [w49] PID 129540  →  logs/hpt_parallel_20260529_223318_movielens_10m_p5_n1_w49.log
  [w50] PID 129541  →  logs/hpt_parallel_20260529_223318_movielens_10m_p5_n1_w50.log
  [w51] PID 129542  →  logs/hpt_parallel_20260529_223318_movielens_10m_p5_n1_w51.log
  [w52] PID 129543  →  logs/hpt_parallel_20260529_223318_movielens_10m_p5_n1_w52.log
  [w53] PID 129544  →  logs/hpt_parallel_20260529_223318_movielens_10m_p5_n1_w53.log
  [w54] PID 129545  →  logs/hpt_parallel_20260529_223318_movielens_10m_p5_n1_w54.log
  [w55] PID 129546  →  logs/hpt_parallel_20260529_223318_movielens_10m_p5_n1_w55.log
  [w56] PID 129547  →  logs/hpt_parallel_20260529_223318_movielens_10m_p5_n1_w56.log
  [w57] PID 129548  →  logs/hpt_parallel_20260529_223318_movielens_10m_p5_n1_w57.log
  [w58] PID 129549  →  logs/hpt_parallel_20260529_223318_movielens_10m_p5_n1_w58.log
  [w59] PID 129550  →  logs/hpt_parallel_20260529_223318_movielens_10m_p5_n1_w59.log
  [w60] PID 129551  →  logs/hpt_parallel_20260529_223318_movielens_10m_p5_n1_w60.log
  [w61] PID 129552  →  logs/hpt_parallel_20260529_223318_movielens_10m_p5_n1_w61.log
  [w62] PID 129553  →  logs/hpt_parallel_20260529_223318_movielens_10m_p5_n1_w62.log
  [w63] PID 129554  →  logs/hpt_parallel_20260529_223318_movielens_10m_p5_n1_w63.log
  [w64] PID 129555  →  logs/hpt_parallel_20260529_223318_movielens_10m_p5_n1_w64.log
  [w65] PID 129556  →  logs/hpt_parallel_20260529_223318_movielens_10m_p5_n1_w65.log
  [w66] PID 129557  →  logs/hpt_parallel_20260529_223318_movielens_10m_p5_n1_w66.log
  [w67] PID 129558  →  logs/hpt_parallel_20260529_223318_movielens_10m_p5_n1_w67.log
  [w68] PID 129559  →  logs/hpt_parallel_20260529_223318_movielens_10m_p5_n1_w68.log
  [w69] PID 129560  →  logs/hpt_parallel_20260529_223318_movielens_10m_p5_n1_w69.log
  [w70] PID 129561  →  logs/hpt_parallel_20260529_223318_movielens_10m_p5_n1_w70.log
  [w71] PID 129562  →  logs/hpt_parallel_20260529_223318_movielens_10m_p5_n1_w71.log
  [w72] PID 129563  →  logs/hpt_parallel_20260529_223318_movielens_10m_p5_n1_w72.log
  [w73] PID 129564  →  logs/hpt_parallel_20260529_223318_movielens_10m_p5_n1_w73.log
  [w74] PID 129565  →  logs/hpt_parallel_20260529_223318_movielens_10m_p5_n1_w74.log
  [w75] PID 129566  →  logs/hpt_parallel_20260529_223318_movielens_10m_p5_n1_w75.log
  [w76] PID 129567  →  logs/hpt_parallel_20260529_223318_movielens_10m_p5_n1_w76.log
  [w77] PID 129568  →  logs/hpt_parallel_20260529_223318_movielens_10m_p5_n1_w77.log
  [w78] PID 129569  →  logs/hpt_parallel_20260529_223318_movielens_10m_p5_n1_w78.log
  [w79] PID 129570  →  logs/hpt_parallel_20260529_223318_movielens_10m_p5_n1_w79.log
  [w80] PID 129571  →  logs/hpt_parallel_20260529_223318_movielens_10m_p5_n1_w80.log
  [w81] PID 129572  →  logs/hpt_parallel_20260529_223318_movielens_10m_p5_n1_w81.log
  [w82] PID 129573  →  logs/hpt_parallel_20260529_223318_movielens_10m_p5_n1_w82.log
  [w83] PID 129574  →  logs/hpt_parallel_20260529_223318_movielens_10m_p5_n1_w83.log
  [w84] PID 129575  →  logs/hpt_parallel_20260529_223318_movielens_10m_p5_n1_w84.log
  [w85] PID 129576  →  logs/hpt_parallel_20260529_223318_movielens_10m_p5_n1_w85.log
  [w86] PID 129577  →  logs/hpt_parallel_20260529_223318_movielens_10m_p5_n1_w86.log
  [w87] PID 129578  →  logs/hpt_parallel_20260529_223318_movielens_10m_p5_n1_w87.log
  [w88] PID 129579  →  logs/hpt_parallel_20260529_223318_movielens_10m_p5_n1_w88.log
  [w89] PID 129580  →  logs/hpt_parallel_20260529_223318_movielens_10m_p5_n1_w89.log
  [w90] PID 129581  →  logs/hpt_parallel_20260529_223318_movielens_10m_p5_n1_w90.log
  [w91] PID 129582  →  logs/hpt_parallel_20260529_223318_movielens_10m_p5_n1_w91.log
  [w92] PID 129583  →  logs/hpt_parallel_20260529_223318_movielens_10m_p5_n1_w92.log
  [w93] PID 129584  →  logs/hpt_parallel_20260529_223318_movielens_10m_p5_n1_w93.log
  [w94] PID 129585  →  logs/hpt_parallel_20260529_223318_movielens_10m_p5_n1_w94.log
  [w95] PID 129586  →  logs/hpt_parallel_20260529_223318_movielens_10m_p5_n1_w95.log
  [w96] PID 129587  →  logs/hpt_parallel_20260529_223318_movielens_10m_p5_n1_w96.log
  [w97] PID 129588  →  logs/hpt_parallel_20260529_223318_movielens_10m_p5_n1_w97.log
  [w98] PID 129589  →  logs/hpt_parallel_20260529_223318_movielens_10m_p5_n1_w98.log
  [w99] PID 129590  →  logs/hpt_parallel_20260529_223318_movielens_10m_p5_n1_w99.log
  [w100] PID 129591  →  logs/hpt_parallel_20260529_223318_movielens_10m_p5_n1_w100.log
  [w101] PID 129592  →  logs/hpt_parallel_20260529_223318_movielens_10m_p5_n1_w101.log
  [w102] PID 129593  →  logs/hpt_parallel_20260529_223318_movielens_10m_p5_n1_w102.log
  [w103] PID 129594  →  logs/hpt_parallel_20260529_223318_movielens_10m_p5_n1_w103.log
  [w104] PID 129595  →  logs/hpt_parallel_20260529_223318_movielens_10m_p5_n1_w104.log
  [w105] PID 129596  →  logs/hpt_parallel_20260529_223318_movielens_10m_p5_n1_w105.log
  [w106] PID 129597  →  logs/hpt_parallel_20260529_223318_movielens_10m_p5_n1_w106.log
  [w107] PID 129598  →  logs/hpt_parallel_20260529_223318_movielens_10m_p5_n1_w107.log
  [w108] PID 129599  →  logs/hpt_parallel_20260529_223318_movielens_10m_p5_n1_w108.log
  [w109] PID 129600  →  logs/hpt_parallel_20260529_223318_movielens_10m_p5_n1_w109.log
  [w110] PID 129601  →  logs/hpt_parallel_20260529_223318_movielens_10m_p5_n1_w110.log
  [w111] PID 129602  →  logs/hpt_parallel_20260529_223318_movielens_10m_p5_n1_w111.log
  [w112] PID 129603  →  logs/hpt_parallel_20260529_223318_movielens_10m_p5_n1_w112.log
  [w113] PID 129604  →  logs/hpt_parallel_20260529_223318_movielens_10m_p5_n1_w113.log
  [w114] PID 129605  →  logs/hpt_parallel_20260529_223318_movielens_10m_p5_n1_w114.log
  [w115] PID 129606  →  logs/hpt_parallel_20260529_223318_movielens_10m_p5_n1_w115.log
  [w116] PID 129607  →  logs/hpt_parallel_20260529_223318_movielens_10m_p5_n1_w116.log
  [w117] PID 129608  →  logs/hpt_parallel_20260529_223318_movielens_10m_p5_n1_w117.log
  [w118] PID 129609  →  logs/hpt_parallel_20260529_223318_movielens_10m_p5_n1_w118.log
  [w119] PID 129610  →  logs/hpt_parallel_20260529_223318_movielens_10m_p5_n1_w119.log
  [w120] PID 129611  →  logs/hpt_parallel_20260529_223318_movielens_10m_p5_n1_w120.log
  [w121] PID 129612  →  logs/hpt_parallel_20260529_223318_movielens_10m_p5_n1_w121.log
  [w122] PID 129613  →  logs/hpt_parallel_20260529_223318_movielens_10m_p5_n1_w122.log
  [w123] PID 129614  →  logs/hpt_parallel_20260529_223318_movielens_10m_p5_n1_w123.log
  [w124] PID 129615  →  logs/hpt_parallel_20260529_223318_movielens_10m_p5_n1_w124.log
  [w125] PID 129616  →  logs/hpt_parallel_20260529_223318_movielens_10m_p5_n1_w125.log
  [w126] PID 129617  →  logs/hpt_parallel_20260529_223318_movielens_10m_p5_n1_w126.log
  [w127] PID 129618  →  logs/hpt_parallel_20260529_223318_movielens_10m_p5_n1_w127.log
  [w128] PID 129619  →  logs/hpt_parallel_20260529_223318_movielens_10m_p5_n1_w128.log
  [w129] PID 129620  →  logs/hpt_parallel_20260529_223318_movielens_10m_p5_n1_w129.log
  [w130] PID 129621  →  logs/hpt_parallel_20260529_223318_movielens_10m_p5_n1_w130.log
  [w131] PID 129622  →  logs/hpt_parallel_20260529_223318_movielens_10m_p5_n1_w131.log
  [w132] PID 129623  →  logs/hpt_parallel_20260529_223318_movielens_10m_p5_n1_w132.log
  [w133] PID 129624  →  logs/hpt_parallel_20260529_223318_movielens_10m_p5_n1_w133.log
  [w134] PID 129625  →  logs/hpt_parallel_20260529_223318_movielens_10m_p5_n1_w134.log
  [w135] PID 129626  →  logs/hpt_parallel_20260529_223318_movielens_10m_p5_n1_w135.log
  [w136] PID 129627  →  logs/hpt_parallel_20260529_223318_movielens_10m_p5_n1_w136.log
  [w137] PID 129628  →  logs/hpt_parallel_20260529_223318_movielens_10m_p5_n1_w137.log
  [w138] PID 129629  →  logs/hpt_parallel_20260529_223318_movielens_10m_p5_n1_w138.log
  [w139] PID 129630  →  logs/hpt_parallel_20260529_223318_movielens_10m_p5_n1_w139.log
  [w140] PID 129631  →  logs/hpt_parallel_20260529_223318_movielens_10m_p5_n1_w140.log
  [w141] PID 129632  →  logs/hpt_parallel_20260529_223318_movielens_10m_p5_n1_w141.log
  [w142] PID 129633  →  logs/hpt_parallel_20260529_223318_movielens_10m_p5_n1_w142.log
  [w143] PID 129634  →  logs/hpt_parallel_20260529_223318_movielens_10m_p5_n1_w143.log
  [w144] PID 129635  →  logs/hpt_parallel_20260529_223318_movielens_10m_p5_n1_w144.log
  [w145] PID 129636  →  logs/hpt_parallel_20260529_223318_movielens_10m_p5_n1_w145.log
  [w146] PID 129637  →  logs/hpt_parallel_20260529_223318_movielens_10m_p5_n1_w146.log
  [w147] PID 129638  →  logs/hpt_parallel_20260529_223318_movielens_10m_p5_n1_w147.log
  [w148] PID 129639  →  logs/hpt_parallel_20260529_223318_movielens_10m_p5_n1_w148.log
  [w149] PID 129640  →  logs/hpt_parallel_20260529_223318_movielens_10m_p5_n1_w149.log
  [w150] PID 129641  →  logs/hpt_parallel_20260529_223318_movielens_10m_p5_n1_w150.log
  [w151] PID 129642  →  logs/hpt_parallel_20260529_223318_movielens_10m_p5_n1_w151.log
  [w152] PID 129643  →  logs/hpt_parallel_20260529_223318_movielens_10m_p5_n1_w152.log
  [w153] PID 129644  →  logs/hpt_parallel_20260529_223318_movielens_10m_p5_n1_w153.log
  [w154] PID 129645  →  logs/hpt_parallel_20260529_223318_movielens_10m_p5_n1_w154.log
  [w155] PID 129646  →  logs/hpt_parallel_20260529_223318_movielens_10m_p5_n1_w155.log
  [w156] PID 129647  →  logs/hpt_parallel_20260529_223318_movielens_10m_p5_n1_w156.log
  [w157] PID 129648  →  logs/hpt_parallel_20260529_223318_movielens_10m_p5_n1_w157.log
  [w158] PID 129649  →  logs/hpt_parallel_20260529_223318_movielens_10m_p5_n1_w158.log
  [w159] PID 129650  →  logs/hpt_parallel_20260529_223318_movielens_10m_p5_n1_w159.log
  [w160] PID 129651  →  logs/hpt_parallel_20260529_223318_movielens_10m_p5_n1_w160.log
  [w161] PID 129652  →  logs/hpt_parallel_20260529_223318_movielens_10m_p5_n1_w161.log
  [w162] PID 129653  →  logs/hpt_parallel_20260529_223318_movielens_10m_p5_n1_w162.log
  [w163] PID 129654  →  logs/hpt_parallel_20260529_223318_movielens_10m_p5_n1_w163.log
  [w164] PID 129655  →  logs/hpt_parallel_20260529_223318_movielens_10m_p5_n1_w164.log
  [w165] PID 129656  →  logs/hpt_parallel_20260529_223318_movielens_10m_p5_n1_w165.log
  [w166] PID 129657  →  logs/hpt_parallel_20260529_223318_movielens_10m_p5_n1_w166.log
  [w167] PID 129658  →  logs/hpt_parallel_20260529_223318_movielens_10m_p5_n1_w167.log
  [w168] PID 129659  →  logs/hpt_parallel_20260529_223318_movielens_10m_p5_n1_w168.log
  [w169] PID 129660  →  logs/hpt_parallel_20260529_223318_movielens_10m_p5_n1_w169.log
  [w170] PID 129661  →  logs/hpt_parallel_20260529_223318_movielens_10m_p5_n1_w170.log
  [w171] PID 129662  →  logs/hpt_parallel_20260529_223318_movielens_10m_p5_n1_w171.log
  [w172] PID 129663  →  logs/hpt_parallel_20260529_223318_movielens_10m_p5_n1_w172.log
  [w173] PID 129664  →  logs/hpt_parallel_20260529_223318_movielens_10m_p5_n1_w173.log
  [w174] PID 129665  →  logs/hpt_parallel_20260529_223318_movielens_10m_p5_n1_w174.log
  [w175] PID 129666  →  logs/hpt_parallel_20260529_223318_movielens_10m_p5_n1_w175.log
  [w176] PID 129667  →  logs/hpt_parallel_20260529_223318_movielens_10m_p5_n1_w176.log
  [w177] PID 129668  →  logs/hpt_parallel_20260529_223318_movielens_10m_p5_n1_w177.log
  [w178] PID 129669  →  logs/hpt_parallel_20260529_223318_movielens_10m_p5_n1_w178.log
  [w179] PID 129670  →  logs/hpt_parallel_20260529_223318_movielens_10m_p5_n1_w179.log
  [w180] PID 129671  →  logs/hpt_parallel_20260529_223318_movielens_10m_p5_n1_w180.log
  [w181] PID 129672  →  logs/hpt_parallel_20260529_223318_movielens_10m_p5_n1_w181.log
  [w182] PID 129673  →  logs/hpt_parallel_20260529_223318_movielens_10m_p5_n1_w182.log
  [w183] PID 129674  →  logs/hpt_parallel_20260529_223318_movielens_10m_p5_n1_w183.log
  [w184] PID 129675  →  logs/hpt_parallel_20260529_223318_movielens_10m_p5_n1_w184.log
  [w185] PID 129676  →  logs/hpt_parallel_20260529_223318_movielens_10m_p5_n1_w185.log
  [w186] PID 129677  →  logs/hpt_parallel_20260529_223318_movielens_10m_p5_n1_w186.log
  [w187] PID 129678  →  logs/hpt_parallel_20260529_223318_movielens_10m_p5_n1_w187.log
  [w188] PID 129679  →  logs/hpt_parallel_20260529_223318_movielens_10m_p5_n1_w188.log
  [w189] PID 129680  →  logs/hpt_parallel_20260529_223318_movielens_10m_p5_n1_w189.log
  [w190] PID 129681  →  logs/hpt_parallel_20260529_223318_movielens_10m_p5_n1_w190.log
  [w191] PID 129682  →  logs/hpt_parallel_20260529_223318_movielens_10m_p5_n1_w191.log
  [w192] PID 129683  →  logs/hpt_parallel_20260529_223318_movielens_10m_p5_n1_w192.log
  [w193] PID 129684  →  logs/hpt_parallel_20260529_223318_movielens_10m_p5_n1_w193.log
  [w194] PID 129685  →  logs/hpt_parallel_20260529_223318_movielens_10m_p5_n1_w194.log
  [w195] PID 129686  →  logs/hpt_parallel_20260529_223318_movielens_10m_p5_n1_w195.log
  [w196] PID 129687  →  logs/hpt_parallel_20260529_223318_movielens_10m_p5_n1_w196.log
  [w197] PID 129688  →  logs/hpt_parallel_20260529_223318_movielens_10m_p5_n1_w197.log
  [w198] PID 129689  →  logs/hpt_parallel_20260529_223318_movielens_10m_p5_n1_w198.log
  [w199] PID 129690  →  logs/hpt_parallel_20260529_223318_movielens_10m_p5_n1_w199.log
  [w200] PID 129691  →  logs/hpt_parallel_20260529_223318_movielens_10m_p5_n1_w200.log
  Waiting for all 200 workers to finish...
  WARNING: one or more workers exited non-zero — check logs
  Results:
    w1: 
    w2: 
    w3: 
    w4: 
    w5: 
    w6: 
    w7: 
    w8: 
    w9: 
    w10: 
    w11: 
    w12: 
    w13: 
    w14: 
    w15: 
    w16: 
    w17: 
    w18: 
    w19: 
    w20: 
    w21: 
    w22: 
    w23: 
    w24: 
    w25: 
    w26: 
    w27: 
    w28: 
    w29: 
    w30: 
    w31: 
    w32: 
    w33: 
    w34: 
    w35: 
    w36: 
    w37: 
    w38: 
    w39: 
    w40: 
    w41: 
    w42: 
    w43: 
    w44: 
    w45: 
    w46: 
    w47: 
    w48: 
    w49: 
    w50: 
    w51: 
    w52: 
    w53: 
    w54: 
    w55: 
    w56: 
    w57: 
    w58: 
    w59: 
    w60: 
    w61: 
    w62: 
    w63: 
    w64: 
    w65: 
    w66: 
    w67: 
    w68: 
    w69: 
    w70: 
    w71: 
    w72: 
    w73: 
    w74: 
    w75: 
    w76: 
    w77: 
    w78: 
    w79: 
    w80: 
    w81: 
    w82: 
    w83: 
    w84: 
    w85: 
    w86: 
    w87: 
    w88: 
    w89: 
    w90: 
    w91: 
    w92: 
    w93: 
    w94: 
    w95: 
    w96: 
    w97: 
    w98: 
    w99: 
    w100: 
    w101: 
    w102: 
    w103: 
    w104: 
    w105: 
    w106: 
    w107: 
    w108: 
    w109: 
    w110: 
    w111: 
    w112: 
    w113: 
    w114: 
    w115: 
    w116: 
    w117: 
    w118: 
    w119: 
    w120: 
    w121: 
    w122: 
    w123: 
    w124: 
    w125: 
    w126: 
    w127: 
    w128: 
    w129: 
    w130: 
    w131: 
    w132: 
    w133: 
    w134: 
    w135: 
    w136: 
    w137: 
    w138: 
    w139: 
    w140: 
    w141: 
    w142: 
    w143: 
    w144: 
    w145: 
    w146: 
    w147: 
    w148: 
    w149: 
    w150: 
    w151: 
    w152: 
    w153: 
    w154: 
    w155: 
    w156: 
    w157: 
    w158: 
    w159: 
    w160: 
    w161: 
    w162: 
    w163: 
    w164: 
    w165: 
    w166: 
    w167: 
    w168: 
    w169: 
    w170: 
    w171: 
    w172: 
    w173: 
    w174: 
    w175: 
    w176: 
    w177: 
    w178: 
    w179: 
    w180: 
    w181: 
    w182: 
    w183: 
    w184: 
    w185: 
    w186: 
    w187: 
    w188: 
    w189: 
    w190: 
    w191: 
    w192: 
    w193: 
    w194: 
    w195: 
    w196: 
    w197: 
    w198: 
    w199: 
    w200: 

══════════════════════════════════════════════════════════════
  Launching 200 workers: movielens_10m / p4_n1
  Config: configs/movielens_10m.yaml  |  pos≥4 neg≤1
  Total target trials: 150  |  MAX_USERS: 5000
  Workers share: outputs/movielens/10m/tuning/arm_d/pos_ge_4_neg_le_1/study.db
══════════════════════════════════════════════════════════════
  [w1] PID 130957  →  logs/hpt_parallel_20260529_223318_movielens_10m_p4_n1_w1.log
  [w2] PID 130958  →  logs/hpt_parallel_20260529_223318_movielens_10m_p4_n1_w2.log
  [w3] PID 130959  →  logs/hpt_parallel_20260529_223318_movielens_10m_p4_n1_w3.log
  [w4] PID 130960  →  logs/hpt_parallel_20260529_223318_movielens_10m_p4_n1_w4.log
  [w5] PID 130962  →  logs/hpt_parallel_20260529_223318_movielens_10m_p4_n1_w5.log
  [w6] PID 130964  →  logs/hpt_parallel_20260529_223318_movielens_10m_p4_n1_w6.log
  [w7] PID 130966  →  logs/hpt_parallel_20260529_223318_movielens_10m_p4_n1_w7.log
  [w8] PID 130967  →  logs/hpt_parallel_20260529_223318_movielens_10m_p4_n1_w8.log
  [w9] PID 130968  →  logs/hpt_parallel_20260529_223318_movielens_10m_p4_n1_w9.log
  [w10] PID 130969  →  logs/hpt_parallel_20260529_223318_movielens_10m_p4_n1_w10.log
  [w11] PID 130970  →  logs/hpt_parallel_20260529_223318_movielens_10m_p4_n1_w11.log
  [w12] PID 130971  →  logs/hpt_parallel_20260529_223318_movielens_10m_p4_n1_w12.log
  [w13] PID 130973  →  logs/hpt_parallel_20260529_223318_movielens_10m_p4_n1_w13.log
  [w14] PID 130975  →  logs/hpt_parallel_20260529_223318_movielens_10m_p4_n1_w14.log
  [w15] PID 130977  →  logs/hpt_parallel_20260529_223318_movielens_10m_p4_n1_w15.log
  [w16] PID 130978  →  logs/hpt_parallel_20260529_223318_movielens_10m_p4_n1_w16.log
  [w17] PID 130979  →  logs/hpt_parallel_20260529_223318_movielens_10m_p4_n1_w17.log
  [w18] PID 130980  →  logs/hpt_parallel_20260529_223318_movielens_10m_p4_n1_w18.log
  [w19] PID 130981  →  logs/hpt_parallel_20260529_223318_movielens_10m_p4_n1_w19.log
  [w20] PID 130982  →  logs/hpt_parallel_20260529_223318_movielens_10m_p4_n1_w20.log
  [w21] PID 130984  →  logs/hpt_parallel_20260529_223318_movielens_10m_p4_n1_w21.log
  [w22] PID 130986  →  logs/hpt_parallel_20260529_223318_movielens_10m_p4_n1_w22.log
  [w23] PID 130988  →  logs/hpt_parallel_20260529_223318_movielens_10m_p4_n1_w23.log
  [w24] PID 130989  →  logs/hpt_parallel_20260529_223318_movielens_10m_p4_n1_w24.log
  [w25] PID 130990  →  logs/hpt_parallel_20260529_223318_movielens_10m_p4_n1_w25.log
  [w26] PID 130991  →  logs/hpt_parallel_20260529_223318_movielens_10m_p4_n1_w26.log
  [w27] PID 130992  →  logs/hpt_parallel_20260529_223318_movielens_10m_p4_n1_w27.log
  [w28] PID 130993  →  logs/hpt_parallel_20260529_223318_movielens_10m_p4_n1_w28.log
  [w29] PID 130995  →  logs/hpt_parallel_20260529_223318_movielens_10m_p4_n1_w29.log
  [w30] PID 130997  →  logs/hpt_parallel_20260529_223318_movielens_10m_p4_n1_w30.log
  [w31] PID 130999  →  logs/hpt_parallel_20260529_223318_movielens_10m_p4_n1_w31.log
  [w32] PID 131000  →  logs/hpt_parallel_20260529_223318_movielens_10m_p4_n1_w32.log
  [w33] PID 131001  →  logs/hpt_parallel_20260529_223318_movielens_10m_p4_n1_w33.log
  [w34] PID 131002  →  logs/hpt_parallel_20260529_223318_movielens_10m_p4_n1_w34.log
  [w35] PID 131003  →  logs/hpt_parallel_20260529_223318_movielens_10m_p4_n1_w35.log
  [w36] PID 131004  →  logs/hpt_parallel_20260529_223318_movielens_10m_p4_n1_w36.log
  [w37] PID 131006  →  logs/hpt_parallel_20260529_223318_movielens_10m_p4_n1_w37.log
  [w38] PID 131007  →  logs/hpt_parallel_20260529_223318_movielens_10m_p4_n1_w38.log
  [w39] PID 131010  →  logs/hpt_parallel_20260529_223318_movielens_10m_p4_n1_w39.log
  [w40] PID 131011  →  logs/hpt_parallel_20260529_223318_movielens_10m_p4_n1_w40.log
  [w41] PID 131012  →  logs/hpt_parallel_20260529_223318_movielens_10m_p4_n1_w41.log
  [w42] PID 131013  →  logs/hpt_parallel_20260529_223318_movielens_10m_p4_n1_w42.log
  [w43] PID 131014  →  logs/hpt_parallel_20260529_223318_movielens_10m_p4_n1_w43.log
  [w44] PID 131016  →  logs/hpt_parallel_20260529_223318_movielens_10m_p4_n1_w44.log
  [w45] PID 131018  →  logs/hpt_parallel_20260529_223318_movielens_10m_p4_n1_w45.log
  [w46] PID 131020  →  logs/hpt_parallel_20260529_223318_movielens_10m_p4_n1_w46.log
  [w47] PID 131021  →  logs/hpt_parallel_20260529_223318_movielens_10m_p4_n1_w47.log
  [w48] PID 131022  →  logs/hpt_parallel_20260529_223318_movielens_10m_p4_n1_w48.log
  [w49] PID 131023  →  logs/hpt_parallel_20260529_223318_movielens_10m_p4_n1_w49.log
  [w50] PID 131024  →  logs/hpt_parallel_20260529_223318_movielens_10m_p4_n1_w50.log
  [w51] PID 131026  →  logs/hpt_parallel_20260529_223318_movielens_10m_p4_n1_w51.log
  [w52] PID 131029  →  logs/hpt_parallel_20260529_223318_movielens_10m_p4_n1_w52.log
  [w53] PID 131030  →  logs/hpt_parallel_20260529_223318_movielens_10m_p4_n1_w53.log
  [w54] PID 131031  →  logs/hpt_parallel_20260529_223318_movielens_10m_p4_n1_w54.log
  [w55] PID 131032  →  logs/hpt_parallel_20260529_223318_movielens_10m_p4_n1_w55.log
  [w56] PID 131033  →  logs/hpt_parallel_20260529_223318_movielens_10m_p4_n1_w56.log
  [w57] PID 131034  →  logs/hpt_parallel_20260529_223318_movielens_10m_p4_n1_w57.log
  [w58] PID 131035  →  logs/hpt_parallel_20260529_223318_movielens_10m_p4_n1_w58.log
  [w59] PID 131036  →  logs/hpt_parallel_20260529_223318_movielens_10m_p4_n1_w59.log
  [w60] PID 131037  →  logs/hpt_parallel_20260529_223318_movielens_10m_p4_n1_w60.log
  [w61] PID 131039  →  logs/hpt_parallel_20260529_223318_movielens_10m_p4_n1_w61.log
  [w62] PID 131042  →  logs/hpt_parallel_20260529_223318_movielens_10m_p4_n1_w62.log
  [w63] PID 131043  →  logs/hpt_parallel_20260529_223318_movielens_10m_p4_n1_w63.log
  [w64] PID 131044  →  logs/hpt_parallel_20260529_223318_movielens_10m_p4_n1_w64.log
  [w65] PID 131045  →  logs/hpt_parallel_20260529_223318_movielens_10m_p4_n1_w65.log
  [w66] PID 131049  →  logs/hpt_parallel_20260529_223318_movielens_10m_p4_n1_w66.log
  [w67] PID 131050  →  logs/hpt_parallel_20260529_223318_movielens_10m_p4_n1_w67.log
  [w68] PID 131051  →  logs/hpt_parallel_20260529_223318_movielens_10m_p4_n1_w68.log
  [w69] PID 131052  →  logs/hpt_parallel_20260529_223318_movielens_10m_p4_n1_w69.log
  [w70] PID 131054  →  logs/hpt_parallel_20260529_223318_movielens_10m_p4_n1_w70.log
  [w71] PID 131057  →  logs/hpt_parallel_20260529_223318_movielens_10m_p4_n1_w71.log
  [w72] PID 131058  →  logs/hpt_parallel_20260529_223318_movielens_10m_p4_n1_w72.log
  [w73] PID 131059  →  logs/hpt_parallel_20260529_223318_movielens_10m_p4_n1_w73.log
  [w74] PID 131060  →  logs/hpt_parallel_20260529_223318_movielens_10m_p4_n1_w74.log
  [w75] PID 131061  →  logs/hpt_parallel_20260529_223318_movielens_10m_p4_n1_w75.log
  [w76] PID 131062  →  logs/hpt_parallel_20260529_223318_movielens_10m_p4_n1_w76.log
  [w77] PID 131064  →  logs/hpt_parallel_20260529_223318_movielens_10m_p4_n1_w77.log
  [w78] PID 131067  →  logs/hpt_parallel_20260529_223318_movielens_10m_p4_n1_w78.log
  [w79] PID 131068  →  logs/hpt_parallel_20260529_223318_movielens_10m_p4_n1_w79.log
  [w80] PID 131069  →  logs/hpt_parallel_20260529_223318_movielens_10m_p4_n1_w80.log
  [w81] PID 131070  →  logs/hpt_parallel_20260529_223318_movielens_10m_p4_n1_w81.log
  [w82] PID 131071  →  logs/hpt_parallel_20260529_223318_movielens_10m_p4_n1_w82.log
  [w83] PID 131072  →  logs/hpt_parallel_20260529_223318_movielens_10m_p4_n1_w83.log
  [w84] PID 131074  →  logs/hpt_parallel_20260529_223318_movielens_10m_p4_n1_w84.log
  [w85] PID 131077  →  logs/hpt_parallel_20260529_223318_movielens_10m_p4_n1_w85.log
  [w86] PID 131078  →  logs/hpt_parallel_20260529_223318_movielens_10m_p4_n1_w86.log
  [w87] PID 131079  →  logs/hpt_parallel_20260529_223318_movielens_10m_p4_n1_w87.log
  [w88] PID 131080  →  logs/hpt_parallel_20260529_223318_movielens_10m_p4_n1_w88.log
  [w89] PID 131081  →  logs/hpt_parallel_20260529_223318_movielens_10m_p4_n1_w89.log
  [w90] PID 131082  →  logs/hpt_parallel_20260529_223318_movielens_10m_p4_n1_w90.log
  [w91] PID 131083  →  logs/hpt_parallel_20260529_223318_movielens_10m_p4_n1_w91.log
  [w92] PID 131084  →  logs/hpt_parallel_20260529_223318_movielens_10m_p4_n1_w92.log
  [w93] PID 131085  →  logs/hpt_parallel_20260529_223318_movielens_10m_p4_n1_w93.log
  [w94] PID 131087  →  logs/hpt_parallel_20260529_223318_movielens_10m_p4_n1_w94.log
  [w95] PID 131090  →  logs/hpt_parallel_20260529_223318_movielens_10m_p4_n1_w95.log
  [w96] PID 131091  →  logs/hpt_parallel_20260529_223318_movielens_10m_p4_n1_w96.log
  [w97] PID 131092  →  logs/hpt_parallel_20260529_223318_movielens_10m_p4_n1_w97.log
  [w98] PID 131093  →  logs/hpt_parallel_20260529_223318_movielens_10m_p4_n1_w98.log
  [w99] PID 131094  →  logs/hpt_parallel_20260529_223318_movielens_10m_p4_n1_w99.log
  [w100] PID 131095  →  logs/hpt_parallel_20260529_223318_movielens_10m_p4_n1_w100.log
  [w101] PID 131097  →  logs/hpt_parallel_20260529_223318_movielens_10m_p4_n1_w101.log
  [w102] PID 131100  →  logs/hpt_parallel_20260529_223318_movielens_10m_p4_n1_w102.log
  [w103] PID 131101  →  logs/hpt_parallel_20260529_223318_movielens_10m_p4_n1_w103.log
  [w104] PID 131102  →  logs/hpt_parallel_20260529_223318_movielens_10m_p4_n1_w104.log
  [w105] PID 131103  →  logs/hpt_parallel_20260529_223318_movielens_10m_p4_n1_w105.log
  [w106] PID 131107  →  logs/hpt_parallel_20260529_223318_movielens_10m_p4_n1_w106.log
  [w107] PID 131108  →  logs/hpt_parallel_20260529_223318_movielens_10m_p4_n1_w107.log
  [w108] PID 131109  →  logs/hpt_parallel_20260529_223318_movielens_10m_p4_n1_w108.log
  [w109] PID 131110  →  logs/hpt_parallel_20260529_223318_movielens_10m_p4_n1_w109.log
  [w110] PID 131111  →  logs/hpt_parallel_20260529_223318_movielens_10m_p4_n1_w110.log
  [w111] PID 131112  →  logs/hpt_parallel_20260529_223318_movielens_10m_p4_n1_w111.log
  [w112] PID 131113  →  logs/hpt_parallel_20260529_223318_movielens_10m_p4_n1_w112.log
  [w113] PID 131114  →  logs/hpt_parallel_20260529_223318_movielens_10m_p4_n1_w113.log
  [w114] PID 131116  →  logs/hpt_parallel_20260529_223318_movielens_10m_p4_n1_w114.log
  [w115] PID 131117  →  logs/hpt_parallel_20260529_223318_movielens_10m_p4_n1_w115.log
  [w116] PID 131118  →  logs/hpt_parallel_20260529_223318_movielens_10m_p4_n1_w116.log
  [w117] PID 131119  →  logs/hpt_parallel_20260529_223318_movielens_10m_p4_n1_w117.log
  [w118] PID 131120  →  logs/hpt_parallel_20260529_223318_movielens_10m_p4_n1_w118.log
  [w119] PID 131121  →  logs/hpt_parallel_20260529_223318_movielens_10m_p4_n1_w119.log
  [w120] PID 131124  →  logs/hpt_parallel_20260529_223318_movielens_10m_p4_n1_w120.log
  [w121] PID 131125  →  logs/hpt_parallel_20260529_223318_movielens_10m_p4_n1_w121.log
  [w122] PID 131126  →  logs/hpt_parallel_20260529_223318_movielens_10m_p4_n1_w122.log
  [w123] PID 131127  →  logs/hpt_parallel_20260529_223318_movielens_10m_p4_n1_w123.log
  [w124] PID 131128  →  logs/hpt_parallel_20260529_223318_movielens_10m_p4_n1_w124.log
  [w125] PID 131129  →  logs/hpt_parallel_20260529_223318_movielens_10m_p4_n1_w125.log
  [w126] PID 131130  →  logs/hpt_parallel_20260529_223318_movielens_10m_p4_n1_w126.log
  [w127] PID 131131  →  logs/hpt_parallel_20260529_223318_movielens_10m_p4_n1_w127.log
  [w128] PID 131132  →  logs/hpt_parallel_20260529_223318_movielens_10m_p4_n1_w128.log
  [w129] PID 131133  →  logs/hpt_parallel_20260529_223318_movielens_10m_p4_n1_w129.log
  [w130] PID 131134  →  logs/hpt_parallel_20260529_223318_movielens_10m_p4_n1_w130.log
  [w131] PID 131135  →  logs/hpt_parallel_20260529_223318_movielens_10m_p4_n1_w131.log
  [w132] PID 131136  →  logs/hpt_parallel_20260529_223318_movielens_10m_p4_n1_w132.log
  [w133] PID 131137  →  logs/hpt_parallel_20260529_223318_movielens_10m_p4_n1_w133.log
  [w134] PID 131138  →  logs/hpt_parallel_20260529_223318_movielens_10m_p4_n1_w134.log
  [w135] PID 131139  →  logs/hpt_parallel_20260529_223318_movielens_10m_p4_n1_w135.log
  [w136] PID 131140  →  logs/hpt_parallel_20260529_223318_movielens_10m_p4_n1_w136.log
  [w137] PID 131142  →  logs/hpt_parallel_20260529_223318_movielens_10m_p4_n1_w137.log
  [w138] PID 131144  →  logs/hpt_parallel_20260529_223318_movielens_10m_p4_n1_w138.log
  [w139] PID 131146  →  logs/hpt_parallel_20260529_223318_movielens_10m_p4_n1_w139.log
  [w140] PID 131147  →  logs/hpt_parallel_20260529_223318_movielens_10m_p4_n1_w140.log
  [w141] PID 131148  →  logs/hpt_parallel_20260529_223318_movielens_10m_p4_n1_w141.log
  [w142] PID 131149  →  logs/hpt_parallel_20260529_223318_movielens_10m_p4_n1_w142.log
  [w143] PID 131150  →  logs/hpt_parallel_20260529_223318_movielens_10m_p4_n1_w143.log
  [w144] PID 131151  →  logs/hpt_parallel_20260529_223318_movielens_10m_p4_n1_w144.log
  [w145] PID 131152  →  logs/hpt_parallel_20260529_223318_movielens_10m_p4_n1_w145.log
  [w146] PID 131153  →  logs/hpt_parallel_20260529_223318_movielens_10m_p4_n1_w146.log
  [w147] PID 131154  →  logs/hpt_parallel_20260529_223318_movielens_10m_p4_n1_w147.log
  [w148] PID 131155  →  logs/hpt_parallel_20260529_223318_movielens_10m_p4_n1_w148.log
  [w149] PID 131156  →  logs/hpt_parallel_20260529_223318_movielens_10m_p4_n1_w149.log
  [w150] PID 131157  →  logs/hpt_parallel_20260529_223318_movielens_10m_p4_n1_w150.log
  [w151] PID 131158  →  logs/hpt_parallel_20260529_223318_movielens_10m_p4_n1_w151.log
  [w152] PID 131160  →  logs/hpt_parallel_20260529_223318_movielens_10m_p4_n1_w152.log
  [w153] PID 131161  →  logs/hpt_parallel_20260529_223318_movielens_10m_p4_n1_w153.log
  [w154] PID 131164  →  logs/hpt_parallel_20260529_223318_movielens_10m_p4_n1_w154.log
  [w155] PID 131165  →  logs/hpt_parallel_20260529_223318_movielens_10m_p4_n1_w155.log
  [w156] PID 131166  →  logs/hpt_parallel_20260529_223318_movielens_10m_p4_n1_w156.log
  [w157] PID 131167  →  logs/hpt_parallel_20260529_223318_movielens_10m_p4_n1_w157.log
  [w158] PID 131168  →  logs/hpt_parallel_20260529_223318_movielens_10m_p4_n1_w158.log
  [w159] PID 131169  →  logs/hpt_parallel_20260529_223318_movielens_10m_p4_n1_w159.log
  [w160] PID 131170  →  logs/hpt_parallel_20260529_223318_movielens_10m_p4_n1_w160.log
  [w161] PID 131171  →  logs/hpt_parallel_20260529_223318_movielens_10m_p4_n1_w161.log
  [w162] PID 131172  →  logs/hpt_parallel_20260529_223318_movielens_10m_p4_n1_w162.log
  [w163] PID 131173  →  logs/hpt_parallel_20260529_223318_movielens_10m_p4_n1_w163.log
  [w164] PID 131174  →  logs/hpt_parallel_20260529_223318_movielens_10m_p4_n1_w164.log
  [w165] PID 131175  →  logs/hpt_parallel_20260529_223318_movielens_10m_p4_n1_w165.log
  [w166] PID 131176  →  logs/hpt_parallel_20260529_223318_movielens_10m_p4_n1_w166.log
  [w167] PID 131177  →  logs/hpt_parallel_20260529_223318_movielens_10m_p4_n1_w167.log
  [w168] PID 131178  →  logs/hpt_parallel_20260529_223318_movielens_10m_p4_n1_w168.log
  [w169] PID 131179  →  logs/hpt_parallel_20260529_223318_movielens_10m_p4_n1_w169.log
  [w170] PID 131180  →  logs/hpt_parallel_20260529_223318_movielens_10m_p4_n1_w170.log
  [w171] PID 131181  →  logs/hpt_parallel_20260529_223318_movielens_10m_p4_n1_w171.log
  [w172] PID 131182  →  logs/hpt_parallel_20260529_223318_movielens_10m_p4_n1_w172.log
  [w173] PID 131183  →  logs/hpt_parallel_20260529_223318_movielens_10m_p4_n1_w173.log
  [w174] PID 131184  →  logs/hpt_parallel_20260529_223318_movielens_10m_p4_n1_w174.log
  [w175] PID 131186  →  logs/hpt_parallel_20260529_223318_movielens_10m_p4_n1_w175.log
  [w176] PID 131187  →  logs/hpt_parallel_20260529_223318_movielens_10m_p4_n1_w176.log
  [w177] PID 131190  →  logs/hpt_parallel_20260529_223318_movielens_10m_p4_n1_w177.log
  [w178] PID 131191  →  logs/hpt_parallel_20260529_223318_movielens_10m_p4_n1_w178.log
  [w179] PID 131192  →  logs/hpt_parallel_20260529_223318_movielens_10m_p4_n1_w179.log
  [w180] PID 131193  →  logs/hpt_parallel_20260529_223318_movielens_10m_p4_n1_w180.log
  [w181] PID 131194  →  logs/hpt_parallel_20260529_223318_movielens_10m_p4_n1_w181.log
  [w182] PID 131195  →  logs/hpt_parallel_20260529_223318_movielens_10m_p4_n1_w182.log
  [w183] PID 131196  →  logs/hpt_parallel_20260529_223318_movielens_10m_p4_n1_w183.log
  [w184] PID 131198  →  logs/hpt_parallel_20260529_223318_movielens_10m_p4_n1_w184.log
  [w185] PID 131200  →  logs/hpt_parallel_20260529_223318_movielens_10m_p4_n1_w185.log
  [w186] PID 131202  →  logs/hpt_parallel_20260529_223318_movielens_10m_p4_n1_w186.log
  [w187] PID 131203  →  logs/hpt_parallel_20260529_223318_movielens_10m_p4_n1_w187.log
  [w188] PID 131204  →  logs/hpt_parallel_20260529_223318_movielens_10m_p4_n1_w188.log
  [w189] PID 131205  →  logs/hpt_parallel_20260529_223318_movielens_10m_p4_n1_w189.log
  [w190] PID 131206  →  logs/hpt_parallel_20260529_223318_movielens_10m_p4_n1_w190.log
  [w191] PID 131207  →  logs/hpt_parallel_20260529_223318_movielens_10m_p4_n1_w191.log
  [w192] PID 131208  →  logs/hpt_parallel_20260529_223318_movielens_10m_p4_n1_w192.log
  [w193] PID 131209  →  logs/hpt_parallel_20260529_223318_movielens_10m_p4_n1_w193.log
  [w194] PID 131210  →  logs/hpt_parallel_20260529_223318_movielens_10m_p4_n1_w194.log
  [w195] PID 131211  →  logs/hpt_parallel_20260529_223318_movielens_10m_p4_n1_w195.log
  [w196] PID 131212  →  logs/hpt_parallel_20260529_223318_movielens_10m_p4_n1_w196.log
  [w197] PID 131213  →  logs/hpt_parallel_20260529_223318_movielens_10m_p4_n1_w197.log
  [w198] PID 131215  →  logs/hpt_parallel_20260529_223318_movielens_10m_p4_n1_w198.log
  [w199] PID 131216  →  logs/hpt_parallel_20260529_223318_movielens_10m_p4_n1_w199.log
  [w200] PID 131217  →  logs/hpt_parallel_20260529_223318_movielens_10m_p4_n1_w200.log
  Waiting for all 200 workers to finish...
  WARNING: one or more workers exited non-zero — check logs
  Results:
    w1: 
    w2: 
    w3: 
    w4: 
    w5: 
    w6: 
    w7: 
    w8: 
    w9: 
    w10: 
    w11: 
    w12: 
    w13: 
    w14: 
    w15: 
    w16: 
    w17: 
    w18: 
    w19: 
    w20: 
    w21: 
    w22: 
    w23: 
    w24: 
    w25: 
    w26: 
    w27: 
    w28: 
    w29: 
    w30: 
    w31: 
    w32: 
    w33: 
    w34: 
    w35: 
    w36: 
    w37: 
    w38: 
    w39: 
    w40: 
    w41: 
    w42: 
    w43: 
    w44: 
    w45: 
    w46: 
    w47: 
    w48: 
    w49: 
    w50: 
    w51: 
    w52: 
    w53: 
    w54: 
    w55: 
    w56: 
    w57: 
    w58: 
    w59: 
    w60: 
    w61: 
    w62: 
    w63: 
    w64: 
    w65: 
    w66: 
    w67: 
    w68: 
    w69: 
    w70: 
    w71: 
    w72: 
    w73: 
    w74: 
    w75: 
    w76: 
    w77: 
    w78: 
    w79: 
    w80: 
    w81: 
    w82: 
    w83: 
    w84: 
    w85: 
    w86: 
    w87: 
    w88: 
    w89: 
    w90: 
    w91: 
    w92: 
    w93: 
    w94: 
    w95: 
    w96: 
    w97: 
    w98: 
    w99: 
    w100: 
    w101: 
    w102: 
    w103: 
    w104: 
    w105: 
    w106: 
    w107: 
    w108: 
    w109: 
    w110: 
    w111: 
    w112: 
    w113: 
    w114: 
    w115: 
    w116: 
    w117: 
    w118: 
    w119: 
    w120: 
    w121: 
    w122: 
    w123: 
    w124: 
    w125: 
    w126: 
    w127: 
    w128: 
    w129: 
    w130: 
    w131: 
    w132: 
    w133: 
    w134: 
    w135: 
    w136: 
    w137: 
    w138: 
    w139: 
    w140: 
    w141: 
    w142: 
    w143: 
    w144: 
    w145: 
    w146: 
    w147: 
    w148: 
    w149: 
    w150: 
    w151: 
    w152: 
    w153: 
    w154: 
    w155: 
    w156: 
    w157: 
    w158: 
    w159: 
    w160: 
    w161: 
    w162: 
    w163: 
    w164: 
    w165: 
    w166: 
    w167: 
    w168: 
    w169: 
    w170: 
    w171: 
    w172: 
    w173: 
    w174: 
    w175: 
    w176: 
    w177: 
    w178: 
    w179: 
    w180: 
    w181: 
    w182: 
    w183: 
    w184: 
    w185: 
    w186: 
    w187: 
    w188: 
    w189: 
    w190: 
    w191: 
    w192: 
    w193: 
    w194: 
    w195: 
    w196: 
    w197: 
    w198: 
    w199: 
    w200: 

══════════════════════════════════════════════════════════════
  Launching 200 workers: movielens_10m / p4_n2
  Config: configs/movielens_10m.yaml  |  pos≥4 neg≤2
  Total target trials: 150  |  MAX_USERS: 5000
  Workers share: outputs/movielens/10m/tuning/arm_d/pos_ge_4_neg_le_2/study.db
══════════════════════════════════════════════════════════════
  [w1] PID 134886  →  logs/hpt_parallel_20260529_223318_movielens_10m_p4_n2_w1.log
  [w2] PID 134887  →  logs/hpt_parallel_20260529_223318_movielens_10m_p4_n2_w2.log
  [w3] PID 134889  →  logs/hpt_parallel_20260529_223318_movielens_10m_p4_n2_w3.log
  [w4] PID 134890  →  logs/hpt_parallel_20260529_223318_movielens_10m_p4_n2_w4.log
  [w5] PID 134892  →  logs/hpt_parallel_20260529_223318_movielens_10m_p4_n2_w5.log
  [w6] PID 134893  →  logs/hpt_parallel_20260529_223318_movielens_10m_p4_n2_w6.log
  [w7] PID 134894  →  logs/hpt_parallel_20260529_223318_movielens_10m_p4_n2_w7.log
  [w8] PID 134896  →  logs/hpt_parallel_20260529_223318_movielens_10m_p4_n2_w8.log
  [w9] PID 134899  →  logs/hpt_parallel_20260529_223318_movielens_10m_p4_n2_w9.log
  [w10] PID 134900  →  logs/hpt_parallel_20260529_223318_movielens_10m_p4_n2_w10.log
  [w11] PID 134901  →  logs/hpt_parallel_20260529_223318_movielens_10m_p4_n2_w11.log
  [w12] PID 134902  →  logs/hpt_parallel_20260529_223318_movielens_10m_p4_n2_w12.log
  [w13] PID 134903  →  logs/hpt_parallel_20260529_223318_movielens_10m_p4_n2_w13.log
  [w14] PID 134905  →  logs/hpt_parallel_20260529_223318_movielens_10m_p4_n2_w14.log
  [w15] PID 134906  →  logs/hpt_parallel_20260529_223318_movielens_10m_p4_n2_w15.log
  [w16] PID 134907  →  logs/hpt_parallel_20260529_223318_movielens_10m_p4_n2_w16.log
  [w17] PID 134909  →  logs/hpt_parallel_20260529_223318_movielens_10m_p4_n2_w17.log
  [w18] PID 134910  →  logs/hpt_parallel_20260529_223318_movielens_10m_p4_n2_w18.log
  [w19] PID 134912  →  logs/hpt_parallel_20260529_223318_movielens_10m_p4_n2_w19.log
  [w20] PID 134914  →  logs/hpt_parallel_20260529_223318_movielens_10m_p4_n2_w20.log
  [w21] PID 134916  →  logs/hpt_parallel_20260529_223318_movielens_10m_p4_n2_w21.log
  [w22] PID 134919  →  logs/hpt_parallel_20260529_223318_movielens_10m_p4_n2_w22.log
  [w23] PID 134921  →  logs/hpt_parallel_20260529_223318_movielens_10m_p4_n2_w23.log
  [w24] PID 134923  →  logs/hpt_parallel_20260529_223318_movielens_10m_p4_n2_w24.log
  [w25] PID 134925  →  logs/hpt_parallel_20260529_223318_movielens_10m_p4_n2_w25.log
  [w26] PID 134927  →  logs/hpt_parallel_20260529_223318_movielens_10m_p4_n2_w26.log
  [w27] PID 134929  →  logs/hpt_parallel_20260529_223318_movielens_10m_p4_n2_w27.log
  [w28] PID 134931  →  logs/hpt_parallel_20260529_223318_movielens_10m_p4_n2_w28.log
  [w29] PID 134935  →  logs/hpt_parallel_20260529_223318_movielens_10m_p4_n2_w29.log
  [w30] PID 134937  →  logs/hpt_parallel_20260529_223318_movielens_10m_p4_n2_w30.log
  [w31] PID 134940  →  logs/hpt_parallel_20260529_223318_movielens_10m_p4_n2_w31.log
  [w32] PID 134941  →  logs/hpt_parallel_20260529_223318_movielens_10m_p4_n2_w32.log
  [w33] PID 134943  →  logs/hpt_parallel_20260529_223318_movielens_10m_p4_n2_w33.log
  [w34] PID 134945  →  logs/hpt_parallel_20260529_223318_movielens_10m_p4_n2_w34.log
  [w35] PID 134948  →  logs/hpt_parallel_20260529_223318_movielens_10m_p4_n2_w35.log
  [w36] PID 134950  →  logs/hpt_parallel_20260529_223318_movielens_10m_p4_n2_w36.log
  [w37] PID 134953  →  logs/hpt_parallel_20260529_223318_movielens_10m_p4_n2_w37.log
  [w38] PID 134955  →  logs/hpt_parallel_20260529_223318_movielens_10m_p4_n2_w38.log
  [w39] PID 134956  →  logs/hpt_parallel_20260529_223318_movielens_10m_p4_n2_w39.log
  [w40] PID 134958  →  logs/hpt_parallel_20260529_223318_movielens_10m_p4_n2_w40.log
  [w41] PID 134960  →  logs/hpt_parallel_20260529_223318_movielens_10m_p4_n2_w41.log
  [w42] PID 134963  →  logs/hpt_parallel_20260529_223318_movielens_10m_p4_n2_w42.log
  [w43] PID 134965  →  logs/hpt_parallel_20260529_223318_movielens_10m_p4_n2_w43.log
  [w44] PID 134969  →  logs/hpt_parallel_20260529_223318_movielens_10m_p4_n2_w44.log
  [w45] PID 134971  →  logs/hpt_parallel_20260529_223318_movielens_10m_p4_n2_w45.log
  [w46] PID 134972  →  logs/hpt_parallel_20260529_223318_movielens_10m_p4_n2_w46.log
  [w47] PID 134973  →  logs/hpt_parallel_20260529_223318_movielens_10m_p4_n2_w47.log
  [w48] PID 134974  →  logs/hpt_parallel_20260529_223318_movielens_10m_p4_n2_w48.log
  [w49] PID 134979  →  logs/hpt_parallel_20260529_223318_movielens_10m_p4_n2_w49.log
  [w50] PID 134981  →  logs/hpt_parallel_20260529_223318_movielens_10m_p4_n2_w50.log
  [w51] PID 134983  →  logs/hpt_parallel_20260529_223318_movielens_10m_p4_n2_w51.log
  [w52] PID 134984  →  logs/hpt_parallel_20260529_223318_movielens_10m_p4_n2_w52.log
  [w53] PID 134986  →  logs/hpt_parallel_20260529_223318_movielens_10m_p4_n2_w53.log
  [w54] PID 134988  →  logs/hpt_parallel_20260529_223318_movielens_10m_p4_n2_w54.log
  [w55] PID 134989  →  logs/hpt_parallel_20260529_223318_movielens_10m_p4_n2_w55.log
  [w56] PID 134991  →  logs/hpt_parallel_20260529_223318_movielens_10m_p4_n2_w56.log
  [w57] PID 134993  →  logs/hpt_parallel_20260529_223318_movielens_10m_p4_n2_w57.log
  [w58] PID 134995  →  logs/hpt_parallel_20260529_223318_movielens_10m_p4_n2_w58.log
  [w59] PID 134999  →  logs/hpt_parallel_20260529_223318_movielens_10m_p4_n2_w59.log
  [w60] PID 135001  →  logs/hpt_parallel_20260529_223318_movielens_10m_p4_n2_w60.log
  [w61] PID 135003  →  logs/hpt_parallel_20260529_223318_movielens_10m_p4_n2_w61.log
  [w62] PID 135005  →  logs/hpt_parallel_20260529_223318_movielens_10m_p4_n2_w62.log
  [w63] PID 135006  →  logs/hpt_parallel_20260529_223318_movielens_10m_p4_n2_w63.log
  [w64] PID 135008  →  logs/hpt_parallel_20260529_223318_movielens_10m_p4_n2_w64.log
  [w65] PID 135009  →  logs/hpt_parallel_20260529_223318_movielens_10m_p4_n2_w65.log
  [w66] PID 135010  →  logs/hpt_parallel_20260529_223318_movielens_10m_p4_n2_w66.log
  [w67] PID 135016  →  logs/hpt_parallel_20260529_223318_movielens_10m_p4_n2_w67.log
  [w68] PID 135017  →  logs/hpt_parallel_20260529_223318_movielens_10m_p4_n2_w68.log
  [w69] PID 135018  →  logs/hpt_parallel_20260529_223318_movielens_10m_p4_n2_w69.log
  [w70] PID 135019  →  logs/hpt_parallel_20260529_223318_movielens_10m_p4_n2_w70.log
  [w71] PID 135020  →  logs/hpt_parallel_20260529_223318_movielens_10m_p4_n2_w71.log
  [w72] PID 135021  →  logs/hpt_parallel_20260529_223318_movielens_10m_p4_n2_w72.log
  [w73] PID 135023  →  logs/hpt_parallel_20260529_223318_movielens_10m_p4_n2_w73.log
  [w74] PID 135024  →  logs/hpt_parallel_20260529_223318_movielens_10m_p4_n2_w74.log
  [w75] PID 135030  →  logs/hpt_parallel_20260529_223318_movielens_10m_p4_n2_w75.log
  [w76] PID 135031  →  logs/hpt_parallel_20260529_223318_movielens_10m_p4_n2_w76.log
  [w77] PID 135033  →  logs/hpt_parallel_20260529_223318_movielens_10m_p4_n2_w77.log
  [w78] PID 135036  →  logs/hpt_parallel_20260529_223318_movielens_10m_p4_n2_w78.log
  [w79] PID 135038  →  logs/hpt_parallel_20260529_223318_movielens_10m_p4_n2_w79.log
  [w80] PID 135043  →  logs/hpt_parallel_20260529_223318_movielens_10m_p4_n2_w80.log
  [w81] PID 135046  →  logs/hpt_parallel_20260529_223318_movielens_10m_p4_n2_w81.log
  [w82] PID 135048  →  logs/hpt_parallel_20260529_223318_movielens_10m_p4_n2_w82.log
  [w83] PID 135049  →  logs/hpt_parallel_20260529_223318_movielens_10m_p4_n2_w83.log
  [w84] PID 135053  →  logs/hpt_parallel_20260529_223318_movielens_10m_p4_n2_w84.log
  [w85] PID 135055  →  logs/hpt_parallel_20260529_223318_movielens_10m_p4_n2_w85.log
  [w86] PID 135056  →  logs/hpt_parallel_20260529_223318_movielens_10m_p4_n2_w86.log
  [w87] PID 135057  →  logs/hpt_parallel_20260529_223318_movielens_10m_p4_n2_w87.log
  [w88] PID 135058  →  logs/hpt_parallel_20260529_223318_movielens_10m_p4_n2_w88.log
  [w89] PID 135059  →  logs/hpt_parallel_20260529_223318_movielens_10m_p4_n2_w89.log
  [w90] PID 135063  →  logs/hpt_parallel_20260529_223318_movielens_10m_p4_n2_w90.log
  [w91] PID 135065  →  logs/hpt_parallel_20260529_223318_movielens_10m_p4_n2_w91.log
  [w92] PID 135066  →  logs/hpt_parallel_20260529_223318_movielens_10m_p4_n2_w92.log
  [w93] PID 135067  →  logs/hpt_parallel_20260529_223318_movielens_10m_p4_n2_w93.log
  [w94] PID 135068  →  logs/hpt_parallel_20260529_223318_movielens_10m_p4_n2_w94.log
  [w95] PID 135074  →  logs/hpt_parallel_20260529_223318_movielens_10m_p4_n2_w95.log
  [w96] PID 135075  →  logs/hpt_parallel_20260529_223318_movielens_10m_p4_n2_w96.log
  [w97] PID 135076  →  logs/hpt_parallel_20260529_223318_movielens_10m_p4_n2_w97.log
  [w98] PID 135077  →  logs/hpt_parallel_20260529_223318_movielens_10m_p4_n2_w98.log
  [w99] PID 135083  →  logs/hpt_parallel_20260529_223318_movielens_10m_p4_n2_w99.log
  [w100] PID 135084  →  logs/hpt_parallel_20260529_223318_movielens_10m_p4_n2_w100.log
  [w101] PID 135085  →  logs/hpt_parallel_20260529_223318_movielens_10m_p4_n2_w101.log
  [w102] PID 135086  →  logs/hpt_parallel_20260529_223318_movielens_10m_p4_n2_w102.log
  [w103] PID 135087  →  logs/hpt_parallel_20260529_223318_movielens_10m_p4_n2_w103.log
  [w104] PID 135092  →  logs/hpt_parallel_20260529_223318_movielens_10m_p4_n2_w104.log
  [w105] PID 135093  →  logs/hpt_parallel_20260529_223318_movielens_10m_p4_n2_w105.log
  [w106] PID 135095  →  logs/hpt_parallel_20260529_223318_movielens_10m_p4_n2_w106.log
  [w107] PID 135097  →  logs/hpt_parallel_20260529_223318_movielens_10m_p4_n2_w107.log
  [w108] PID 135100  →  logs/hpt_parallel_20260529_223318_movielens_10m_p4_n2_w108.log
  [w109] PID 135101  →  logs/hpt_parallel_20260529_223318_movielens_10m_p4_n2_w109.log
  [w110] PID 135102  →  logs/hpt_parallel_20260529_223318_movielens_10m_p4_n2_w110.log
  [w111] PID 135103  →  logs/hpt_parallel_20260529_223318_movielens_10m_p4_n2_w111.log
  [w112] PID 135109  →  logs/hpt_parallel_20260529_223318_movielens_10m_p4_n2_w112.log
  [w113] PID 135111  →  logs/hpt_parallel_20260529_223318_movielens_10m_p4_n2_w113.log
  [w114] PID 135112  →  logs/hpt_parallel_20260529_223318_movielens_10m_p4_n2_w114.log
  [w115] PID 135114  →  logs/hpt_parallel_20260529_223318_movielens_10m_p4_n2_w115.log
  [w116] PID 135116  →  logs/hpt_parallel_20260529_223318_movielens_10m_p4_n2_w116.log
  [w117] PID 135123  →  logs/hpt_parallel_20260529_223318_movielens_10m_p4_n2_w117.log
  [w118] PID 135124  →  logs/hpt_parallel_20260529_223318_movielens_10m_p4_n2_w118.log
  [w119] PID 135125  →  logs/hpt_parallel_20260529_223318_movielens_10m_p4_n2_w119.log
  [w120] PID 135126  →  logs/hpt_parallel_20260529_223318_movielens_10m_p4_n2_w120.log
  [w121] PID 135127  →  logs/hpt_parallel_20260529_223318_movielens_10m_p4_n2_w121.log
  [w122] PID 135128  →  logs/hpt_parallel_20260529_223318_movielens_10m_p4_n2_w122.log
  [w123] PID 135129  →  logs/hpt_parallel_20260529_223318_movielens_10m_p4_n2_w123.log
  [w124] PID 135136  →  logs/hpt_parallel_20260529_223318_movielens_10m_p4_n2_w124.log
  [w125] PID 135138  →  logs/hpt_parallel_20260529_223318_movielens_10m_p4_n2_w125.log
  [w126] PID 135139  →  logs/hpt_parallel_20260529_223318_movielens_10m_p4_n2_w126.log
  [w127] PID 135141  →  logs/hpt_parallel_20260529_223318_movielens_10m_p4_n2_w127.log
  [w128] PID 135143  →  logs/hpt_parallel_20260529_223318_movielens_10m_p4_n2_w128.log
  [w129] PID 135144  →  logs/hpt_parallel_20260529_223318_movielens_10m_p4_n2_w129.log
  [w130] PID 135146  →  logs/hpt_parallel_20260529_223318_movielens_10m_p4_n2_w130.log
  [w131] PID 135148  →  logs/hpt_parallel_20260529_223318_movielens_10m_p4_n2_w131.log
  [w132] PID 135150  →  logs/hpt_parallel_20260529_223318_movielens_10m_p4_n2_w132.log
  [w133] PID 135152  →  logs/hpt_parallel_20260529_223318_movielens_10m_p4_n2_w133.log
  [w134] PID 135154  →  logs/hpt_parallel_20260529_223318_movielens_10m_p4_n2_w134.log
  [w135] PID 135156  →  logs/hpt_parallel_20260529_223318_movielens_10m_p4_n2_w135.log
  [w136] PID 135158  →  logs/hpt_parallel_20260529_223318_movielens_10m_p4_n2_w136.log
  [w137] PID 135164  →  logs/hpt_parallel_20260529_223318_movielens_10m_p4_n2_w137.log
  [w138] PID 135165  →  logs/hpt_parallel_20260529_223318_movielens_10m_p4_n2_w138.log
  [w139] PID 135166  →  logs/hpt_parallel_20260529_223318_movielens_10m_p4_n2_w139.log
  [w140] PID 135167  →  logs/hpt_parallel_20260529_223318_movielens_10m_p4_n2_w140.log
  [w141] PID 135168  →  logs/hpt_parallel_20260529_223318_movielens_10m_p4_n2_w141.log
  [w142] PID 135169  →  logs/hpt_parallel_20260529_223318_movielens_10m_p4_n2_w142.log
  [w143] PID 135175  →  logs/hpt_parallel_20260529_223318_movielens_10m_p4_n2_w143.log
  [w144] PID 135176  →  logs/hpt_parallel_20260529_223318_movielens_10m_p4_n2_w144.log
  [w145] PID 135177  →  logs/hpt_parallel_20260529_223318_movielens_10m_p4_n2_w145.log
  [w146] PID 135178  →  logs/hpt_parallel_20260529_223318_movielens_10m_p4_n2_w146.log
  [w147] PID 135179  →  logs/hpt_parallel_20260529_223318_movielens_10m_p4_n2_w147.log
  [w148] PID 135180  →  logs/hpt_parallel_20260529_223318_movielens_10m_p4_n2_w148.log
  [w149] PID 135186  →  logs/hpt_parallel_20260529_223318_movielens_10m_p4_n2_w149.log
  [w150] PID 135187  →  logs/hpt_parallel_20260529_223318_movielens_10m_p4_n2_w150.log
  [w151] PID 135188  →  logs/hpt_parallel_20260529_223318_movielens_10m_p4_n2_w151.log
  [w152] PID 135189  →  logs/hpt_parallel_20260529_223318_movielens_10m_p4_n2_w152.log
  [w153] PID 135190  →  logs/hpt_parallel_20260529_223318_movielens_10m_p4_n2_w153.log
  [w154] PID 135196  →  logs/hpt_parallel_20260529_223318_movielens_10m_p4_n2_w154.log
  [w155] PID 135197  →  logs/hpt_parallel_20260529_223318_movielens_10m_p4_n2_w155.log
  [w156] PID 135198  →  logs/hpt_parallel_20260529_223318_movielens_10m_p4_n2_w156.log
  [w157] PID 135199  →  logs/hpt_parallel_20260529_223318_movielens_10m_p4_n2_w157.log
  [w158] PID 135200  →  logs/hpt_parallel_20260529_223318_movielens_10m_p4_n2_w158.log
  [w159] PID 135201  →  logs/hpt_parallel_20260529_223318_movielens_10m_p4_n2_w159.log
  [w160] PID 135208  →  logs/hpt_parallel_20260529_223318_movielens_10m_p4_n2_w160.log
  [w161] PID 135209  →  logs/hpt_parallel_20260529_223318_movielens_10m_p4_n2_w161.log
  [w162] PID 135210  →  logs/hpt_parallel_20260529_223318_movielens_10m_p4_n2_w162.log
  [w163] PID 135211  →  logs/hpt_parallel_20260529_223318_movielens_10m_p4_n2_w163.log
  [w164] PID 135212  →  logs/hpt_parallel_20260529_223318_movielens_10m_p4_n2_w164.log
  [w165] PID 135213  →  logs/hpt_parallel_20260529_223318_movielens_10m_p4_n2_w165.log
  [w166] PID 135222  →  logs/hpt_parallel_20260529_223318_movielens_10m_p4_n2_w166.log
  [w167] PID 135223  →  logs/hpt_parallel_20260529_223318_movielens_10m_p4_n2_w167.log
  [w168] PID 135224  →  logs/hpt_parallel_20260529_223318_movielens_10m_p4_n2_w168.log
  [w169] PID 135225  →  logs/hpt_parallel_20260529_223318_movielens_10m_p4_n2_w169.log
  [w170] PID 135226  →  logs/hpt_parallel_20260529_223318_movielens_10m_p4_n2_w170.log
  [w171] PID 135227  →  logs/hpt_parallel_20260529_223318_movielens_10m_p4_n2_w171.log
  [w172] PID 135234  →  logs/hpt_parallel_20260529_223318_movielens_10m_p4_n2_w172.log
  [w173] PID 135237  →  logs/hpt_parallel_20260529_223318_movielens_10m_p4_n2_w173.log
  [w174] PID 135238  →  logs/hpt_parallel_20260529_223318_movielens_10m_p4_n2_w174.log
  [w175] PID 135240  →  logs/hpt_parallel_20260529_223318_movielens_10m_p4_n2_w175.log
  [w176] PID 135242  →  logs/hpt_parallel_20260529_223318_movielens_10m_p4_n2_w176.log
  [w177] PID 135244  →  logs/hpt_parallel_20260529_223318_movielens_10m_p4_n2_w177.log
  [w178] PID 135251  →  logs/hpt_parallel_20260529_223318_movielens_10m_p4_n2_w178.log
  [w179] PID 135252  →  logs/hpt_parallel_20260529_223318_movielens_10m_p4_n2_w179.log
  [w180] PID 135253  →  logs/hpt_parallel_20260529_223318_movielens_10m_p4_n2_w180.log
  [w181] PID 135254  →  logs/hpt_parallel_20260529_223318_movielens_10m_p4_n2_w181.log
  [w182] PID 135255  →  logs/hpt_parallel_20260529_223318_movielens_10m_p4_n2_w182.log
  [w183] PID 135256  →  logs/hpt_parallel_20260529_223318_movielens_10m_p4_n2_w183.log
  [w184] PID 135263  →  logs/hpt_parallel_20260529_223318_movielens_10m_p4_n2_w184.log
  [w185] PID 135264  →  logs/hpt_parallel_20260529_223318_movielens_10m_p4_n2_w185.log
  [w186] PID 135265  →  logs/hpt_parallel_20260529_223318_movielens_10m_p4_n2_w186.log
  [w187] PID 135266  →  logs/hpt_parallel_20260529_223318_movielens_10m_p4_n2_w187.log
  [w188] PID 135267  →  logs/hpt_parallel_20260529_223318_movielens_10m_p4_n2_w188.log
  [w189] PID 135268  →  logs/hpt_parallel_20260529_223318_movielens_10m_p4_n2_w189.log
  [w190] PID 135276  →  logs/hpt_parallel_20260529_223318_movielens_10m_p4_n2_w190.log
  [w191] PID 135278  →  logs/hpt_parallel_20260529_223318_movielens_10m_p4_n2_w191.log
  [w192] PID 135280  →  logs/hpt_parallel_20260529_223318_movielens_10m_p4_n2_w192.log
  [w193] PID 135282  →  logs/hpt_parallel_20260529_223318_movielens_10m_p4_n2_w193.log
  [w194] PID 135285  →  logs/hpt_parallel_20260529_223318_movielens_10m_p4_n2_w194.log
  [w195] PID 135286  →  logs/hpt_parallel_20260529_223318_movielens_10m_p4_n2_w195.log
  [w196] PID 135287  →  logs/hpt_parallel_20260529_223318_movielens_10m_p4_n2_w196.log
  [w197] PID 135288  →  logs/hpt_parallel_20260529_223318_movielens_10m_p4_n2_w197.log
  [w198] PID 135289  →  logs/hpt_parallel_20260529_223318_movielens_10m_p4_n2_w198.log
  [w199] PID 135290  →  logs/hpt_parallel_20260529_223318_movielens_10m_p4_n2_w199.log
  [w200] PID 135291  →  logs/hpt_parallel_20260529_223318_movielens_10m_p4_n2_w200.log
  Waiting for all 200 workers to finish...
  WARNING: one or more workers exited non-zero — check logs
  Results:
    w1: 
    w2: 
    w3: 
    w4: 
    w5: 
    w6: 
    w7: 
    w8: 
    w9: 
    w10: 
    w11: 
    w12: 
    w13: 
    w14: 
    w15: 
    w16: 
    w17: 
    w18: 
    w19: 
    w20: 
    w21: 
    w22: 
    w23: 
    w24: 
    w25: 
    w26: 
    w27: 
    w28: 
    w29: 
    w30: 
    w31: 
    w32: 
    w33: 
    w34: 
    w35: 
    w36: 
    w37: 
    w38: 
    w39: 
    w40: 
    w41: 
    w42: 
    w43: 
    w44: 
    w45: 
    w46: 
    w47: 
    w48: 
    w49: 
    w50: 
    w51: 
    w52: 
    w53: 
    w54: 
    w55: 
    w56: 
    w57: 
    w58: 
    w59: 
    w60: 
    w61: 
    w62: 
    w63: 
    w64: 
    w65: 
    w66: 
    w67: 
    w68: 
    w69: 
    w70: 
    w71: 
    w72: 
    w73: 
    w74: 
    w75: 
    w76: 
    w77: 
    w78: 
    w79: 
    w80: 
    w81: 
    w82: 
    w83: 
    w84: 
    w85: 
    w86: 
    w87: 
    w88: 
    w89: 
    w90: 
    w91: 
    w92: 
    w93: 
    w94: 
    w95: 
    w96: 
    w97: 
    w98: 
    w99: 
    w100: 
    w101: 
    w102: 
    w103: 
    w104: 
    w105: 
    w106: 
    w107: 
    w108: 
    w109: 
    w110: 
    w111: 
    w112: 
    w113: 
    w114: 
    w115: 
    w116: 
    w117: 
    w118: 
    w119: 
    w120: 
    w121: 
    w122: 
    w123: 
    w124: 
    w125: 
    w126: 
    w127: 
    w128: 
    w129: 
    w130: 
    w131: 
    w132: 
    w133: 
    w134: 
    w135: 
    w136: 
    w137: 
    w138: 
    w139: 
    w140: 
    w141: 
    w142: 
    w143: 
    w144: 
    w145: 
    w146: 
    w147: 
    w148: 
    w149: 
    w150: 
    w151: 
    w152: 
    w153: 
    w154: 
    w155: 
    w156: 
    w157: 
    w158: 
    w159: 
    w160: 
    w161: 
    w162: 
    w163: 
    w164: 
    w165: 
    w166: 
    w167: 
    w168: 
    w169: 
    w170: 
    w171: 
    w172: 
    w173: 
    w174: 
    w175: 
    w176: 
    w177: 
    w178: 
    w179: 
    w180: 
    w181: 
    w182: 
    w183: 
    w184: 
    w185: 
    w186: 
    w187: 
    w188: 
    w189: 
    w190: 
    w191: 
    w192: 
    w193: 
    w194: 
    w195: 
    w196: 
    w197: 
    w198: 
    w199: 
    w200: 

══════════════════════════════════════════════════════════════
  Launching 200 workers: movielens_10m / p3_n2
  Config: configs/movielens_10m.yaml  |  pos≥3 neg≤2
  Total target trials: 150  |  MAX_USERS: 5000
  Workers share: outputs/movielens/10m/tuning/arm_d/pos_ge_3_neg_le_2/study.db
══════════════════════════════════════════════════════════════
  [w1] PID 137324  →  logs/hpt_parallel_20260529_223318_movielens_10m_p3_n2_w1.log
  [w2] PID 137325  →  logs/hpt_parallel_20260529_223318_movielens_10m_p3_n2_w2.log
  [w3] PID 137326  →  logs/hpt_parallel_20260529_223318_movielens_10m_p3_n2_w3.log
  [w4] PID 137327  →  logs/hpt_parallel_20260529_223318_movielens_10m_p3_n2_w4.log
  [w5] PID 137328  →  logs/hpt_parallel_20260529_223318_movielens_10m_p3_n2_w5.log
  [w6] PID 137329  →  logs/hpt_parallel_20260529_223318_movielens_10m_p3_n2_w6.log
  [w7] PID 137330  →  logs/hpt_parallel_20260529_223318_movielens_10m_p3_n2_w7.log
  [w8] PID 137331  →  logs/hpt_parallel_20260529_223318_movielens_10m_p3_n2_w8.log
  [w9] PID 137332  →  logs/hpt_parallel_20260529_223318_movielens_10m_p3_n2_w9.log
  [w10] PID 137333  →  logs/hpt_parallel_20260529_223318_movielens_10m_p3_n2_w10.log
  [w11] PID 137334  →  logs/hpt_parallel_20260529_223318_movielens_10m_p3_n2_w11.log
  [w12] PID 137335  →  logs/hpt_parallel_20260529_223318_movielens_10m_p3_n2_w12.log
  [w13] PID 137336  →  logs/hpt_parallel_20260529_223318_movielens_10m_p3_n2_w13.log
  [w14] PID 137337  →  logs/hpt_parallel_20260529_223318_movielens_10m_p3_n2_w14.log
  [w15] PID 137338  →  logs/hpt_parallel_20260529_223318_movielens_10m_p3_n2_w15.log
  [w16] PID 137339  →  logs/hpt_parallel_20260529_223318_movielens_10m_p3_n2_w16.log
  [w17] PID 137340  →  logs/hpt_parallel_20260529_223318_movielens_10m_p3_n2_w17.log
  [w18] PID 137341  →  logs/hpt_parallel_20260529_223318_movielens_10m_p3_n2_w18.log
  [w19] PID 137342  →  logs/hpt_parallel_20260529_223318_movielens_10m_p3_n2_w19.log
  [w20] PID 137343  →  logs/hpt_parallel_20260529_223318_movielens_10m_p3_n2_w20.log
  [w21] PID 137344  →  logs/hpt_parallel_20260529_223318_movielens_10m_p3_n2_w21.log
  [w22] PID 137345  →  logs/hpt_parallel_20260529_223318_movielens_10m_p3_n2_w22.log
  [w23] PID 137346  →  logs/hpt_parallel_20260529_223318_movielens_10m_p3_n2_w23.log
  [w24] PID 137347  →  logs/hpt_parallel_20260529_223318_movielens_10m_p3_n2_w24.log
  [w25] PID 137348  →  logs/hpt_parallel_20260529_223318_movielens_10m_p3_n2_w25.log
  [w26] PID 137349  →  logs/hpt_parallel_20260529_223318_movielens_10m_p3_n2_w26.log
  [w27] PID 137350  →  logs/hpt_parallel_20260529_223318_movielens_10m_p3_n2_w27.log
  [w28] PID 137351  →  logs/hpt_parallel_20260529_223318_movielens_10m_p3_n2_w28.log
  [w29] PID 137352  →  logs/hpt_parallel_20260529_223318_movielens_10m_p3_n2_w29.log
  [w30] PID 137353  →  logs/hpt_parallel_20260529_223318_movielens_10m_p3_n2_w30.log
  [w31] PID 137354  →  logs/hpt_parallel_20260529_223318_movielens_10m_p3_n2_w31.log
  [w32] PID 137355  →  logs/hpt_parallel_20260529_223318_movielens_10m_p3_n2_w32.log
  [w33] PID 137356  →  logs/hpt_parallel_20260529_223318_movielens_10m_p3_n2_w33.log
  [w34] PID 137357  →  logs/hpt_parallel_20260529_223318_movielens_10m_p3_n2_w34.log
  [w35] PID 137358  →  logs/hpt_parallel_20260529_223318_movielens_10m_p3_n2_w35.log
  [w36] PID 137359  →  logs/hpt_parallel_20260529_223318_movielens_10m_p3_n2_w36.log
  [w37] PID 137360  →  logs/hpt_parallel_20260529_223318_movielens_10m_p3_n2_w37.log
  [w38] PID 137361  →  logs/hpt_parallel_20260529_223318_movielens_10m_p3_n2_w38.log
  [w39] PID 137362  →  logs/hpt_parallel_20260529_223318_movielens_10m_p3_n2_w39.log
  [w40] PID 137363  →  logs/hpt_parallel_20260529_223318_movielens_10m_p3_n2_w40.log
  [w41] PID 137364  →  logs/hpt_parallel_20260529_223318_movielens_10m_p3_n2_w41.log
  [w42] PID 137365  →  logs/hpt_parallel_20260529_223318_movielens_10m_p3_n2_w42.log
  [w43] PID 137366  →  logs/hpt_parallel_20260529_223318_movielens_10m_p3_n2_w43.log
  [w44] PID 137367  →  logs/hpt_parallel_20260529_223318_movielens_10m_p3_n2_w44.log
  [w45] PID 137368  →  logs/hpt_parallel_20260529_223318_movielens_10m_p3_n2_w45.log
  [w46] PID 137369  →  logs/hpt_parallel_20260529_223318_movielens_10m_p3_n2_w46.log
  [w47] PID 137370  →  logs/hpt_parallel_20260529_223318_movielens_10m_p3_n2_w47.log
  [w48] PID 137371  →  logs/hpt_parallel_20260529_223318_movielens_10m_p3_n2_w48.log
  [w49] PID 137372  →  logs/hpt_parallel_20260529_223318_movielens_10m_p3_n2_w49.log
  [w50] PID 137373  →  logs/hpt_parallel_20260529_223318_movielens_10m_p3_n2_w50.log
  [w51] PID 137374  →  logs/hpt_parallel_20260529_223318_movielens_10m_p3_n2_w51.log
  [w52] PID 137375  →  logs/hpt_parallel_20260529_223318_movielens_10m_p3_n2_w52.log
  [w53] PID 137376  →  logs/hpt_parallel_20260529_223318_movielens_10m_p3_n2_w53.log
  [w54] PID 137377  →  logs/hpt_parallel_20260529_223318_movielens_10m_p3_n2_w54.log
  [w55] PID 137378  →  logs/hpt_parallel_20260529_223318_movielens_10m_p3_n2_w55.log
  [w56] PID 137379  →  logs/hpt_parallel_20260529_223318_movielens_10m_p3_n2_w56.log
  [w57] PID 137380  →  logs/hpt_parallel_20260529_223318_movielens_10m_p3_n2_w57.log
  [w58] PID 137381  →  logs/hpt_parallel_20260529_223318_movielens_10m_p3_n2_w58.log
  [w59] PID 137382  →  logs/hpt_parallel_20260529_223318_movielens_10m_p3_n2_w59.log
  [w60] PID 137383  →  logs/hpt_parallel_20260529_223318_movielens_10m_p3_n2_w60.log
  [w61] PID 137384  →  logs/hpt_parallel_20260529_223318_movielens_10m_p3_n2_w61.log
  [w62] PID 137385  →  logs/hpt_parallel_20260529_223318_movielens_10m_p3_n2_w62.log
  [w63] PID 137386  →  logs/hpt_parallel_20260529_223318_movielens_10m_p3_n2_w63.log
  [w64] PID 137387  →  logs/hpt_parallel_20260529_223318_movielens_10m_p3_n2_w64.log
  [w65] PID 137388  →  logs/hpt_parallel_20260529_223318_movielens_10m_p3_n2_w65.log
  [w66] PID 137389  →  logs/hpt_parallel_20260529_223318_movielens_10m_p3_n2_w66.log
  [w67] PID 137390  →  logs/hpt_parallel_20260529_223318_movielens_10m_p3_n2_w67.log
  [w68] PID 137391  →  logs/hpt_parallel_20260529_223318_movielens_10m_p3_n2_w68.log
  [w69] PID 137392  →  logs/hpt_parallel_20260529_223318_movielens_10m_p3_n2_w69.log
  [w70] PID 137393  →  logs/hpt_parallel_20260529_223318_movielens_10m_p3_n2_w70.log
  [w71] PID 137394  →  logs/hpt_parallel_20260529_223318_movielens_10m_p3_n2_w71.log
  [w72] PID 137395  →  logs/hpt_parallel_20260529_223318_movielens_10m_p3_n2_w72.log
  [w73] PID 137396  →  logs/hpt_parallel_20260529_223318_movielens_10m_p3_n2_w73.log
  [w74] PID 137397  →  logs/hpt_parallel_20260529_223318_movielens_10m_p3_n2_w74.log
  [w75] PID 137398  →  logs/hpt_parallel_20260529_223318_movielens_10m_p3_n2_w75.log
  [w76] PID 137399  →  logs/hpt_parallel_20260529_223318_movielens_10m_p3_n2_w76.log
  [w77] PID 137400  →  logs/hpt_parallel_20260529_223318_movielens_10m_p3_n2_w77.log
  [w78] PID 137401  →  logs/hpt_parallel_20260529_223318_movielens_10m_p3_n2_w78.log
  [w79] PID 137402  →  logs/hpt_parallel_20260529_223318_movielens_10m_p3_n2_w79.log
  [w80] PID 137403  →  logs/hpt_parallel_20260529_223318_movielens_10m_p3_n2_w80.log
  [w81] PID 137404  →  logs/hpt_parallel_20260529_223318_movielens_10m_p3_n2_w81.log
  [w82] PID 137405  →  logs/hpt_parallel_20260529_223318_movielens_10m_p3_n2_w82.log
  [w83] PID 137406  →  logs/hpt_parallel_20260529_223318_movielens_10m_p3_n2_w83.log
  [w84] PID 137407  →  logs/hpt_parallel_20260529_223318_movielens_10m_p3_n2_w84.log
  [w85] PID 137408  →  logs/hpt_parallel_20260529_223318_movielens_10m_p3_n2_w85.log
  [w86] PID 137409  →  logs/hpt_parallel_20260529_223318_movielens_10m_p3_n2_w86.log
  [w87] PID 137410  →  logs/hpt_parallel_20260529_223318_movielens_10m_p3_n2_w87.log
  [w88] PID 137411  →  logs/hpt_parallel_20260529_223318_movielens_10m_p3_n2_w88.log
  [w89] PID 137412  →  logs/hpt_parallel_20260529_223318_movielens_10m_p3_n2_w89.log
  [w90] PID 137413  →  logs/hpt_parallel_20260529_223318_movielens_10m_p3_n2_w90.log
  [w91] PID 137414  →  logs/hpt_parallel_20260529_223318_movielens_10m_p3_n2_w91.log
  [w92] PID 137415  →  logs/hpt_parallel_20260529_223318_movielens_10m_p3_n2_w92.log
  [w93] PID 137416  →  logs/hpt_parallel_20260529_223318_movielens_10m_p3_n2_w93.log
  [w94] PID 137419  →  logs/hpt_parallel_20260529_223318_movielens_10m_p3_n2_w94.log
  [w95] PID 137420  →  logs/hpt_parallel_20260529_223318_movielens_10m_p3_n2_w95.log
  [w96] PID 137421  →  logs/hpt_parallel_20260529_223318_movielens_10m_p3_n2_w96.log
  [w97] PID 137422  →  logs/hpt_parallel_20260529_223318_movielens_10m_p3_n2_w97.log
  [w98] PID 137423  →  logs/hpt_parallel_20260529_223318_movielens_10m_p3_n2_w98.log
  [w99] PID 137425  →  logs/hpt_parallel_20260529_223318_movielens_10m_p3_n2_w99.log
  [w100] PID 137426  →  logs/hpt_parallel_20260529_223318_movielens_10m_p3_n2_w100.log
  [w101] PID 137428  →  logs/hpt_parallel_20260529_223318_movielens_10m_p3_n2_w101.log
  [w102] PID 137429  →  logs/hpt_parallel_20260529_223318_movielens_10m_p3_n2_w102.log
  [w103] PID 137430  →  logs/hpt_parallel_20260529_223318_movielens_10m_p3_n2_w103.log
  [w104] PID 137431  →  logs/hpt_parallel_20260529_223318_movielens_10m_p3_n2_w104.log
  [w105] PID 137433  →  logs/hpt_parallel_20260529_223318_movielens_10m_p3_n2_w105.log
  [w106] PID 137435  →  logs/hpt_parallel_20260529_223318_movielens_10m_p3_n2_w106.log
  [w107] PID 137436  →  logs/hpt_parallel_20260529_223318_movielens_10m_p3_n2_w107.log
  [w108] PID 137437  →  logs/hpt_parallel_20260529_223318_movielens_10m_p3_n2_w108.log
  [w109] PID 137438  →  logs/hpt_parallel_20260529_223318_movielens_10m_p3_n2_w109.log
  [w110] PID 137440  →  logs/hpt_parallel_20260529_223318_movielens_10m_p3_n2_w110.log
  [w111] PID 137441  →  logs/hpt_parallel_20260529_223318_movielens_10m_p3_n2_w111.log
  [w112] PID 137442  →  logs/hpt_parallel_20260529_223318_movielens_10m_p3_n2_w112.log
  [w113] PID 137443  →  logs/hpt_parallel_20260529_223318_movielens_10m_p3_n2_w113.log
  [w114] PID 137445  →  logs/hpt_parallel_20260529_223318_movielens_10m_p3_n2_w114.log
  [w115] PID 137446  →  logs/hpt_parallel_20260529_223318_movielens_10m_p3_n2_w115.log
  [w116] PID 137447  →  logs/hpt_parallel_20260529_223318_movielens_10m_p3_n2_w116.log
  [w117] PID 137452  →  logs/hpt_parallel_20260529_223318_movielens_10m_p3_n2_w117.log
  [w118] PID 137456  →  logs/hpt_parallel_20260529_223318_movielens_10m_p3_n2_w118.log
  [w119] PID 137457  →  logs/hpt_parallel_20260529_223318_movielens_10m_p3_n2_w119.log
  [w120] PID 137458  →  logs/hpt_parallel_20260529_223318_movielens_10m_p3_n2_w120.log
  [w121] PID 137459  →  logs/hpt_parallel_20260529_223318_movielens_10m_p3_n2_w121.log
  [w122] PID 137463  →  logs/hpt_parallel_20260529_223318_movielens_10m_p3_n2_w122.log
  [w123] PID 137464  →  logs/hpt_parallel_20260529_223318_movielens_10m_p3_n2_w123.log
  [w124] PID 137466  →  logs/hpt_parallel_20260529_223318_movielens_10m_p3_n2_w124.log
  [w125] PID 137467  →  logs/hpt_parallel_20260529_223318_movielens_10m_p3_n2_w125.log
  [w126] PID 137468  →  logs/hpt_parallel_20260529_223318_movielens_10m_p3_n2_w126.log
  [w127] PID 137469  →  logs/hpt_parallel_20260529_223318_movielens_10m_p3_n2_w127.log
  [w128] PID 137470  →  logs/hpt_parallel_20260529_223318_movielens_10m_p3_n2_w128.log
  [w129] PID 137472  →  logs/hpt_parallel_20260529_223318_movielens_10m_p3_n2_w129.log
  [w130] PID 137473  →  logs/hpt_parallel_20260529_223318_movielens_10m_p3_n2_w130.log
  [w131] PID 137474  →  logs/hpt_parallel_20260529_223318_movielens_10m_p3_n2_w131.log
  [w132] PID 137475  →  logs/hpt_parallel_20260529_223318_movielens_10m_p3_n2_w132.log
  [w133] PID 137476  →  logs/hpt_parallel_20260529_223318_movielens_10m_p3_n2_w133.log
  [w134] PID 137477  →  logs/hpt_parallel_20260529_223318_movielens_10m_p3_n2_w134.log
  [w135] PID 137478  →  logs/hpt_parallel_20260529_223318_movielens_10m_p3_n2_w135.log
  [w136] PID 137479  →  logs/hpt_parallel_20260529_223318_movielens_10m_p3_n2_w136.log
  [w137] PID 137480  →  logs/hpt_parallel_20260529_223318_movielens_10m_p3_n2_w137.log
  [w138] PID 137481  →  logs/hpt_parallel_20260529_223318_movielens_10m_p3_n2_w138.log
  [w139] PID 137482  →  logs/hpt_parallel_20260529_223318_movielens_10m_p3_n2_w139.log
  [w140] PID 137483  →  logs/hpt_parallel_20260529_223318_movielens_10m_p3_n2_w140.log
  [w141] PID 137485  →  logs/hpt_parallel_20260529_223318_movielens_10m_p3_n2_w141.log
  [w142] PID 137486  →  logs/hpt_parallel_20260529_223318_movielens_10m_p3_n2_w142.log
  [w143] PID 137489  →  logs/hpt_parallel_20260529_223318_movielens_10m_p3_n2_w143.log
  [w144] PID 137490  →  logs/hpt_parallel_20260529_223318_movielens_10m_p3_n2_w144.log
  [w145] PID 137491  →  logs/hpt_parallel_20260529_223318_movielens_10m_p3_n2_w145.log
  [w146] PID 137493  →  logs/hpt_parallel_20260529_223318_movielens_10m_p3_n2_w146.log
  [w147] PID 137495  →  logs/hpt_parallel_20260529_223318_movielens_10m_p3_n2_w147.log
  [w148] PID 137497  →  logs/hpt_parallel_20260529_223318_movielens_10m_p3_n2_w148.log
  [w149] PID 137498  →  logs/hpt_parallel_20260529_223318_movielens_10m_p3_n2_w149.log
  [w150] PID 137500  →  logs/hpt_parallel_20260529_223318_movielens_10m_p3_n2_w150.log
  [w151] PID 137504  →  logs/hpt_parallel_20260529_223318_movielens_10m_p3_n2_w151.log
  [w152] PID 137505  →  logs/hpt_parallel_20260529_223318_movielens_10m_p3_n2_w152.log
  [w153] PID 137506  →  logs/hpt_parallel_20260529_223318_movielens_10m_p3_n2_w153.log
  [w154] PID 137507  →  logs/hpt_parallel_20260529_223318_movielens_10m_p3_n2_w154.log
  [w155] PID 137510  →  logs/hpt_parallel_20260529_223318_movielens_10m_p3_n2_w155.log
  [w156] PID 137511  →  logs/hpt_parallel_20260529_223318_movielens_10m_p3_n2_w156.log
  [w157] PID 137512  →  logs/hpt_parallel_20260529_223318_movielens_10m_p3_n2_w157.log
  [w158] PID 137515  →  logs/hpt_parallel_20260529_223318_movielens_10m_p3_n2_w158.log
  [w159] PID 137517  →  logs/hpt_parallel_20260529_223318_movielens_10m_p3_n2_w159.log
  [w160] PID 137518  →  logs/hpt_parallel_20260529_223318_movielens_10m_p3_n2_w160.log
  [w161] PID 137520  →  logs/hpt_parallel_20260529_223318_movielens_10m_p3_n2_w161.log
  [w162] PID 137521  →  logs/hpt_parallel_20260529_223318_movielens_10m_p3_n2_w162.log
  [w163] PID 137522  →  logs/hpt_parallel_20260529_223318_movielens_10m_p3_n2_w163.log
  [w164] PID 137526  →  logs/hpt_parallel_20260529_223318_movielens_10m_p3_n2_w164.log
  [w165] PID 137527  →  logs/hpt_parallel_20260529_223318_movielens_10m_p3_n2_w165.log
  [w166] PID 137528  →  logs/hpt_parallel_20260529_223318_movielens_10m_p3_n2_w166.log
  [w167] PID 137529  →  logs/hpt_parallel_20260529_223318_movielens_10m_p3_n2_w167.log
  [w168] PID 137530  →  logs/hpt_parallel_20260529_223318_movielens_10m_p3_n2_w168.log
  [w169] PID 137531  →  logs/hpt_parallel_20260529_223318_movielens_10m_p3_n2_w169.log
  [w170] PID 137532  →  logs/hpt_parallel_20260529_223318_movielens_10m_p3_n2_w170.log
  [w171] PID 137533  →  logs/hpt_parallel_20260529_223318_movielens_10m_p3_n2_w171.log
  [w172] PID 137534  →  logs/hpt_parallel_20260529_223318_movielens_10m_p3_n2_w172.log
  [w173] PID 137535  →  logs/hpt_parallel_20260529_223318_movielens_10m_p3_n2_w173.log
  [w174] PID 137538  →  logs/hpt_parallel_20260529_223318_movielens_10m_p3_n2_w174.log
  [w175] PID 137539  →  logs/hpt_parallel_20260529_223318_movielens_10m_p3_n2_w175.log
  [w176] PID 137543  →  logs/hpt_parallel_20260529_223318_movielens_10m_p3_n2_w176.log
  [w177] PID 137544  →  logs/hpt_parallel_20260529_223318_movielens_10m_p3_n2_w177.log
  [w178] PID 137545  →  logs/hpt_parallel_20260529_223318_movielens_10m_p3_n2_w178.log
  [w179] PID 137546  →  logs/hpt_parallel_20260529_223318_movielens_10m_p3_n2_w179.log
  [w180] PID 137547  →  logs/hpt_parallel_20260529_223318_movielens_10m_p3_n2_w180.log
  [w181] PID 137548  →  logs/hpt_parallel_20260529_223318_movielens_10m_p3_n2_w181.log
  [w182] PID 137549  →  logs/hpt_parallel_20260529_223318_movielens_10m_p3_n2_w182.log
  [w183] PID 137551  →  logs/hpt_parallel_20260529_223318_movielens_10m_p3_n2_w183.log
  [w184] PID 137552  →  logs/hpt_parallel_20260529_223318_movielens_10m_p3_n2_w184.log
  [w185] PID 137557  →  logs/hpt_parallel_20260529_223318_movielens_10m_p3_n2_w185.log
  [w186] PID 137558  →  logs/hpt_parallel_20260529_223318_movielens_10m_p3_n2_w186.log
  [w187] PID 137559  →  logs/hpt_parallel_20260529_223318_movielens_10m_p3_n2_w187.log
  [w188] PID 137560  →  logs/hpt_parallel_20260529_223318_movielens_10m_p3_n2_w188.log
  [w189] PID 137561  →  logs/hpt_parallel_20260529_223318_movielens_10m_p3_n2_w189.log
  [w190] PID 137563  →  logs/hpt_parallel_20260529_223318_movielens_10m_p3_n2_w190.log
  [w191] PID 137564  →  logs/hpt_parallel_20260529_223318_movielens_10m_p3_n2_w191.log
  [w192] PID 137565  →  logs/hpt_parallel_20260529_223318_movielens_10m_p3_n2_w192.log
  [w193] PID 137566  →  logs/hpt_parallel_20260529_223318_movielens_10m_p3_n2_w193.log
  [w194] PID 137567  →  logs/hpt_parallel_20260529_223318_movielens_10m_p3_n2_w194.log
  [w195] PID 137568  →  logs/hpt_parallel_20260529_223318_movielens_10m_p3_n2_w195.log
  [w196] PID 137569  →  logs/hpt_parallel_20260529_223318_movielens_10m_p3_n2_w196.log
  [w197] PID 137570  →  logs/hpt_parallel_20260529_223318_movielens_10m_p3_n2_w197.log
  [w198] PID 137572  →  logs/hpt_parallel_20260529_223318_movielens_10m_p3_n2_w198.log
  [w199] PID 137573  →  logs/hpt_parallel_20260529_223318_movielens_10m_p3_n2_w199.log
  [w200] PID 137578  →  logs/hpt_parallel_20260529_223318_movielens_10m_p3_n2_w200.log
  Waiting for all 200 workers to finish...
  WARNING: one or more workers exited non-zero — check logs
  Results:
    w1: 
    w2: 
    w3: 
    w4: 
    w5: 
    w6: 
    w7: 
    w8: 
    w9: 
    w10: 
    w11: 
    w12: 
    w13: 
    w14: 
    w15: 
    w16: 
    w17: 
    w18: 
    w19: 
    w20: 
    w21: 
    w22: 
    w23: 
    w24: 
    w25: 
    w26: 
    w27: 
    w28: 
    w29: 
    w30: 
    w31: 
    w32: 
    w33: 
    w34: 
    w35: 
    w36: 
    w37: 
    w38: 
    w39: 
    w40: 
    w41: 
    w42: 
    w43: 
    w44: 
    w45: 
    w46: 
    w47: 
    w48: 
    w49: 
    w50: 
    w51: 
    w52: 
    w53: 
    w54: 
    w55: 
    w56: 
    w57: 
    w58: 
    w59: 
    w60: 
    w61: 
    w62: 
    w63: 
    w64: 
    w65: 
    w66: 
    w67: 
    w68: 
    w69: 
    w70: 
    w71: 
    w72: 
    w73: 
    w74: 
    w75: 
    w76: 
    w77: 
    w78: 
    w79: 
    w80: 
    w81: 
    w82: 
    w83: 
    w84: 
    w85: 
    w86: 
    w87: 
    w88: 
    w89: 
    w90: 
    w91: 
    w92: 
    w93: 
    w94: 
    w95: 
    w96: 
    w97: 
    w98: 
    w99: 
    w100: 
    w101: 
    w102: 
    w103: 
    w104: 
    w105: 
    w106: 
    w107: 
    w108: 
    w109: 
    w110: 
    w111: 
    w112: 
    w113: 
    w114: 
    w115: 
    w116: 
    w117: 
    w118: 
    w119: 
    w120: 
    w121: 
    w122: 
    w123: 
    w124: 
    w125: 
    w126: 
    w127: 
    w128: 
    w129: 
    w130: 
    w131: 
    w132: 
    w133: 
    w134: 
    w135: 
    w136: 
    w137: 
    w138: 
    w139: 
    w140: 
    w141: 
    w142: 
    w143: 
    w144: 
    w145: 
    w146: 
    w147: 
    w148: 
    w149: 
    w150: 
    w151: 
    w152: 
    w153: 
    w154: 
    w155: 
    w156: 
    w157: 
    w158: 
    w159: 
    w160: 
    w161: 
    w162: 
    w163: 
    w164: 
    w165: 
    w166: 
    w167: 
    w168: 
    w169: 
    w170: 
    w171: 
    w172: 
    w173: 
    w174: 
    w175: 
    w176: 
    w177: 
    w178: 
    w179: 
    w180: 
    w181: 
    w182: 
    w183: 
    w184: 
    w185: 
    w186: 
    w187: 
    w188: 
    w189: 
    w190: 
    w191: 
    w192: 
    w193: 
    w194: 
    w195: 
    w196: 
    w197: 
    w198: 
    w199: 
    w200: 

All ML-10M configs done. Run grid + figures:
  python scripts/run_arm_d_joint_svd_grid.py --config configs/movielens_10m.yaml
  python scripts/generate_all_figures.py

══════════════════════════════════════════════════════════════
 HPT PARALLEL DONE
 Summary: python scripts/summarize_hpt_arm_d.py
 Logs:    logs/hpt_parallel_20260529_223318_*.log
══════════════════════════════════════════════════════════════
