RESUME: 86/116 trials done — continuing...

Hyperparameter Tuning — SVD Arm D
  Dataset:  movielens-20m
  Arm:      Joint Positive-Negative SVD (binary targets)
  Label:    pos_ge_3_neg_le_2
  Trials:   116
  Engine:   Optuna TPE
  Output:   outputs/movielens/ml-20m/tuning/arm_d/pos_ge_3_neg_le_2/best_params.json

  Preparing training data (once)...
  Joint train: 16,239,577 positives + 2,594,130 negatives = 18,833,707 rows

  Preparing candidate cache (once)...
    Candidate cache loaded  (5,000 users) ← candidates_n500_u5000_s42.parquet
    Evaluation users: 5,000

  Resuming Optuna study (86/116 trials done)
  [88/116] nDCG@10=0.2485  best=0.2485  trial_time=935.8s  ETA=7.28h
  [92/116] nDCG@10=0.1506  best=0.2485  trial_time=3040.4s  ETA=13.25h
  [96/116] nDCG@10=0.2751  best=0.2863  trial_time=912.4s  ETA=9.05h
  [98/116] nDCG@10=0.2228  best=0.2863  trial_time=653.8s  ETA=6.93h
  [102/116] nDCG@10=0.0012  best=0.2863  trial_time=721.9s  ETA=4.87h
  [105/116] nDCG@10=0.2863  best=0.2863  trial_time=638.6s  ETA=3.52h
  [108/116] nDCG@10=0.2863  best=0.2863  trial_time=638.5s  ETA=2.39h
  [111/116] nDCG@10=0.2863  best=0.2863  trial_time=646.6s  ETA=1.42h
  [113/116] nDCG@10=0.2863  best=0.2863  trial_time=649.9s  ETA=0.82h
  [116/116] nDCG@10=0.2418  best=0.2863  trial_time=1675.2s  ETA=0.00h
  [119/116] nDCG@10=0.2604  best=0.2863  trial_time=1091.5s  ETA=-0.88h
  [122/116] nDCG@10=0.2863  best=0.2863  trial_time=645.2s  ETA=-1.70h
  [125/116] nDCG@10=0.2863  best=0.2863  trial_time=640.5s  ETA=-2.48h
  [128/116] nDCG@10=0.2863  best=0.2863  trial_time=647.9s  ETA=-3.22h
  [131/116] nDCG@10=0.2863  best=0.2863  trial_time=648.1s  ETA=-3.94h
  [133/116] nDCG@10=0.2863  best=0.2863  trial_time=648.2s  ETA=-4.38h
  [137/116] nDCG@10=0.2452  best=0.2863  trial_time=1283.9s  ETA=-5.53h
  [140/116] nDCG@10=0.2863  best=0.2863  trial_time=671.0s  ETA=-6.22h
  [144/116] nDCG@10=0.2863  best=0.2930  trial_time=653.9s  ETA=-7.14h
  [147/116] nDCG@10=0.2340  best=0.2930  trial_time=556.8s  ETA=-7.75h
  [150/116] nDCG@10=0.2676  best=0.2930  trial_time=1211.7s  ETA=-8.64h
  [153/116] nDCG@10=0.3009  best=0.3009  trial_time=551.0s  ETA=-9.23h
  [156/116] nDCG@10=0.2930  best=0.3009  trial_time=563.2s  ETA=-9.82h
  [159/116] nDCG@10=0.0357  best=0.3009  trial_time=551.0s  ETA=-10.39h
  [162/116] nDCG@10=0.0038  best=0.3009  trial_time=549.5s  ETA=-10.95h
  [164/116] nDCG@10=0.3009  best=0.3009  trial_time=546.7s  ETA=-11.27h
  [168/116] nDCG@10=0.2493  best=0.3009  trial_time=1808.1s  ETA=-12.72h
  [171/116] nDCG@10=0.3009  best=0.3009  trial_time=556.7s  ETA=-13.28h
  [173/116] nDCG@10=0.3009  best=0.3009  trial_time=556.3s  ETA=-13.59h
  [176/116] nDCG@10=0.3009  best=0.3009  trial_time=556.1s  ETA=-14.14h

  Best nDCG@10 (val, binary-target model): 0.3009
  Best params: {'n_factors': 10, 'n_epochs': 20, 'lr_all': 0.001, 'reg_all': 0.05, 'biased': False}
  Saved → outputs/movielens/ml-20m/tuning/arm_d/pos_ge_3_neg_le_2/best_params.json
