
Hyperparameter Tuning — SVD Arm D
  Dataset:  movielens-10m
  Arm:      Joint Positive-Negative SVD (binary targets)
  Label:    pos_ge_4_neg_le_2
  Trials:   150
  Engine:   Optuna TPE
  Output:   outputs/movielens/ml-10m/tuning/arm_d/pos_ge_4_neg_le_2/best_params.json

  Preparing training data (once)...
  Joint train: 4,929,146 positives + 1,370,442 negatives = 6,299,588 rows

  Preparing candidate cache (once)...
    Candidate cache loaded  (5,000 users) ← candidates_n500_u5000_s42.parquet
    Evaluation users: 5,000

  Resuming Optuna study (6/150 trials done)
  [8/150] nDCG@10=0.0454  best=0.0454  trial_time=824.7s  ETA=32.53h
  [23/150] nDCG@10=0.0099  best=0.1135  trial_time=752.4s  ETA=27.82h
  [27/150] nDCG@10=0.1135  best=0.1135  trial_time=399.7s  ETA=22.51h
  [56/150] nDCG@10=0.1135  best=0.1135  trial_time=511.8s  ETA=16.25h
  [81/150] nDCG@10=0.1453  best=0.1892  trial_time=849.1s  ETA=12.79h
  [91/150] nDCG@10=0.0009  best=0.1892  trial_time=531.1s  ETA=10.57h
  [107/150] nDCG@10=0.0022  best=0.2017  trial_time=460.4s  ETA=7.39h
  [137/150] nDCG@10=0.2124  best=0.2124  trial_time=333.5s  ETA=2.10h
  [169/150] nDCG@10=0.2017  best=0.2124  trial_time=331.7s  ETA=-2.93h
