
Hyperparameter Tuning — SVD Arm D
  Dataset:  movielens-20m
  Arm:      Joint Positive-Negative SVD (binary targets)
  Label:    pos_ge_5_neg_le_1
  Trials:   200
  Engine:   Optuna TPE
  Output:   outputs/movielens/ml-20m/tuning/arm_d/pos_ge_5_neg_le_1/best_params.json

  Preparing training data (once)...
  Joint train: 2,844,951 positives + 906,200 negatives = 3,751,151 rows

  Preparing candidate cache (once)...
    Candidate cache loaded  (5,000 users) ← candidates_n500_u5000_s42.parquet
    Evaluation users: 5,000

  Resuming Optuna study (20/200 trials done)
  [22/200] nDCG@10=0.1298  best=0.2128  trial_time=679.2s  ETA=33.58h
  [25/200] nDCG@10=0.2102  best=0.2128  trial_time=253.1s  ETA=22.66h
  [30/200] nDCG@10=0.2102  best=0.2128  trial_time=258.9s  ETA=18.75h
  [35/200] nDCG@10=0.2020  best=0.2128  trial_time=383.9s  ETA=18.05h
  [43/200] nDCG@10=0.1696  best=0.2128  trial_time=1051.3s  ETA=22.91h
  [46/200] nDCG@10=0.1596  best=0.2128  trial_time=255.9s  ETA=20.55h
  [54/200] nDCG@10=0.1900  best=0.2128  trial_time=846.4s  ETA=21.60h
  [56/200] nDCG@10=0.2102  best=0.2128  trial_time=252.9s  ETA=19.91h
  [60/200] nDCG@10=0.1622  best=0.2128  trial_time=308.3s  ETA=18.54h
  [62/200] nDCG@10=0.0615  best=0.2128  trial_time=166.5s  ETA=17.08h
  [66/200] nDCG@10=0.2102  best=0.2128  trial_time=265.5s  ETA=15.98h
  [70/200] nDCG@10=0.1492  best=0.2128  trial_time=825.7s  ETA=16.69h
  [76/200] nDCG@10=0.1254  best=0.2128  trial_time=503.9s  ETA=16.03h
  [81/200] nDCG@10=0.2071  best=0.2128  trial_time=258.4s  ETA=14.90h
  [85/200] nDCG@10=0.1998  best=0.2128  trial_time=576.1s  ETA=14.66h
  [87/200] nDCG@10=0.2218  best=0.2218  trial_time=132.7s  ETA=13.77h
  [91/200] nDCG@10=0.2102  best=0.2218  trial_time=135.3s  ETA=12.74h
  [95/200] nDCG@10=0.2102  best=0.2218  trial_time=131.5s  ETA=11.80h
  [100/200] nDCG@10=0.2102  best=0.2218  trial_time=132.3s  ETA=10.84h
  [105/200] nDCG@10=0.2081  best=0.2218  trial_time=168.4s  ETA=10.01h
  [108/200] nDCG@10=0.2102  best=0.2218  trial_time=131.5s  ETA=9.39h
  [113/200] nDCG@10=0.2006  best=0.2218  trial_time=450.2s  ETA=8.97h
  [116/200] nDCG@10=0.2102  best=0.2218  trial_time=128.0s  ETA=8.42h
  [120/200] nDCG@10=0.1841  best=0.2218  trial_time=130.7s  ETA=7.80h
  [124/200] nDCG@10=0.2102  best=0.2218  trial_time=131.2s  ETA=7.23h
  [129/200] nDCG@10=0.2102  best=0.2218  trial_time=130.8s  ETA=6.59h
  [133/200] nDCG@10=0.0144  best=0.2218  trial_time=149.0s  ETA=6.09h
  [137/200] nDCG@10=0.2015  best=0.2218  trial_time=364.2s  ETA=5.75h
  [141/200] nDCG@10=0.1834  best=0.2218  trial_time=115.5s  ETA=5.27h
  [145/200] nDCG@10=0.2102  best=0.2218  trial_time=119.0s  ETA=4.81h
