Master log: logs/hpt_parallel_20260530_134829.log

══════════════════════════════════════════════════════════════
  Launching 5 workers: movielens_20m / p3_n2
  Config: configs/movielens_20m.yaml  |  pos≥3 neg≤2
  Total target trials: 10  |  MAX_USERS: 5000
  Workers share: outputs/movielens/20m/tuning/arm_d/pos_ge_3_neg_le_2/study.db
══════════════════════════════════════════════════════════════
  [w1] PID 801720  →  logs/hpt_parallel_20260530_134829_movielens_20m_p3_n2_w1.log
  [w2] PID 801721  →  logs/hpt_parallel_20260530_134829_movielens_20m_p3_n2_w2.log
  [w3] PID 801722  →  logs/hpt_parallel_20260530_134829_movielens_20m_p3_n2_w3.log
  [w4] PID 801723  →  logs/hpt_parallel_20260530_134829_movielens_20m_p3_n2_w4.log
  [w5] PID 801724  →  logs/hpt_parallel_20260530_134829_movielens_20m_p3_n2_w5.log
  Waiting for all 5 workers to finish...
  All workers done.
  Results:
    w1:   Best nDCG@10 (val, binary-target model): 0.1623
    w2:   Best nDCG@10 (val, binary-target model): 0.1623
    w3:   Best nDCG@10 (val, binary-target model): 0.1623
    w4:   Best nDCG@10 (val, binary-target model): 0.1623
    w5:   Best nDCG@10 (val, binary-target model): 0.1623

Done. Run grid + figures to use the new best params:
  python scripts/run_arm_d_joint_svd_grid.py --config configs/movielens_20m.yaml
  python scripts/generate_all_figures.py

══════════════════════════════════════════════════════════════
 HPT PARALLEL DONE
 Summary: python scripts/summarize_hpt_arm_d.py
 Logs:    logs/hpt_parallel_20260530_134829_*.log
══════════════════════════════════════════════════════════════
