
Hyperparameter Tuning — SVD Arm D
  Dataset:  movielens-20m
  Arm:      Joint Positive-Negative SVD (binary targets)
  Label:    pos_ge_5_neg_le_1
  Trials:   200
  Engine:   Optuna TPE
  Output:   outputs/movielens/ml-20m/tuning/arm_d/pos_ge_5_neg_le_1/best_params.json

  Preparing training data (once)...
  Joint train: 2,844,951 positives + 906,200 negatives = 3,751,151 rows

  Preparing candidate cache (once)...
    Candidate cache loaded  (5,000 users) ← candidates_n500_u5000_s42.parquet
    Evaluation users: 5,000

  Resuming Optuna study (20/200 trials done)
  [21/200] nDCG@10=0.1298  best=0.2128  trial_time=677.1s  ETA=33.66h
  [26/200] nDCG@10=0.2102  best=0.2128  trial_time=262.0s  ETA=22.69h
  [31/200] nDCG@10=0.0238  best=0.2128  trial_time=268.5s  ETA=18.89h
  [33/200] nDCG@10=0.2102  best=0.2128  trial_time=258.7s  ETA=17.00h
  [37/200] nDCG@10=0.1547  best=0.2128  trial_time=384.7s  ETA=16.76h
  [39/200] nDCG@10=0.0822  best=0.2128  trial_time=434.5s  ETA=17.03h
  [42/200] nDCG@10=0.0090  best=0.2128  trial_time=339.2s  ETA=16.46h
  [47/200] nDCG@10=0.1596  best=0.2128  trial_time=259.2s  ETA=15.32h
  [50/200] nDCG@10=0.1977  best=0.2128  trial_time=276.4s  ETA=14.63h
  [53/200] nDCG@10=0.1553  best=0.2128  trial_time=354.8s  ETA=14.35h
  [55/200] nDCG@10=0.2102  best=0.2128  trial_time=257.2s  ETA=13.81h
  [57/200] nDCG@10=0.1481  best=0.2128  trial_time=257.7s  ETA=13.34h
  [61/200] nDCG@10=0.1874  best=0.2128  trial_time=286.2s  ETA=12.82h
  [65/200] nDCG@10=0.2010  best=0.2128  trial_time=285.6s  ETA=12.33h
  [69/200] nDCG@10=0.1750  best=0.2128  trial_time=520.1s  ETA=12.42h
  [71/200] nDCG@10=0.1306  best=0.2128  trial_time=455.1s  ETA=12.49h
  [74/200] nDCG@10=0.1950  best=0.2128  trial_time=364.3s  ETA=12.23h
  [78/200] nDCG@10=0.2071  best=0.2128  trial_time=253.1s  ETA=11.66h
  [82/200] nDCG@10=0.1445  best=0.2128  trial_time=534.0s  ETA=11.61h
  [86/200] nDCG@10=0.2108  best=0.2128  trial_time=252.5s  ETA=11.05h
  [89/200] nDCG@10=0.2102  best=0.2218  trial_time=115.9s  ETA=10.42h
  [93/200] nDCG@10=0.2102  best=0.2218  trial_time=117.1s  ETA=9.75h
  [97/200] nDCG@10=0.2102  best=0.2218  trial_time=117.9s  ETA=9.12h
  [101/200] nDCG@10=0.2102  best=0.2218  trial_time=118.0s  ETA=8.54h
  [103/200] nDCG@10=0.2102  best=0.2218  trial_time=116.6s  ETA=8.15h
  [109/200] nDCG@10=0.2081  best=0.2218  trial_time=156.0s  ETA=7.51h
  [112/200] nDCG@10=0.2006  best=0.2218  trial_time=433.6s  ETA=7.38h
  [115/200] nDCG@10=0.2102  best=0.2218  trial_time=119.5s  ETA=6.98h
  [119/200] nDCG@10=0.2102  best=0.2218  trial_time=121.1s  ETA=6.51h
  [123/200] nDCG@10=0.2102  best=0.2218  trial_time=119.5s  ETA=6.07h
  [127/200] nDCG@10=0.2102  best=0.2218  trial_time=119.6s  ETA=5.65h
  [131/200] nDCG@10=0.0749  best=0.2218  trial_time=165.4s  ETA=5.27h
  [134/200] nDCG@10=0.2102  best=0.2218  trial_time=119.5s  ETA=4.96h
  [138/200] nDCG@10=0.2015  best=0.2218  trial_time=358.3s  ETA=4.70h
  [142/200] nDCG@10=0.1834  best=0.2218  trial_time=124.7s  ETA=4.33h
