
Hyperparameter Tuning — SVD Arm D
  Dataset:  movielens-20m
  Arm:      Joint Positive-Negative SVD (binary targets)
  Label:    pos_ge_4_neg_le_1
  Trials:   150
  Engine:   Optuna TPE
  Output:   outputs/movielens/ml-20m/tuning/arm_d/pos_ge_4_neg_le_1/best_params.json

  Preparing training data (once)...
  Joint train: 9,839,296 positives + 906,200 negatives = 10,745,496 rows

  Preparing candidate cache (once)...
    Candidate cache loaded  (5,000 users) ← candidates_n500_u5000_s42.parquet
    Evaluation users: 5,000

  Resuming Optuna study (48/150 trials done)
  [51/150] nDCG@10=0.0009  best=0.2822  trial_time=530.5s  ETA=14.59h
  [71/150] nDCG@10=0.2682  best=0.2837  trial_time=580.4s  ETA=12.19h
  [78/150] nDCG@10=0.1161  best=0.2837  trial_time=1527.8s  ETA=17.59h
  [97/150] nDCG@10=0.1820  best=0.2837  trial_time=5017.3s  ETA=28.18h
  [111/150] nDCG@10=0.2713  best=0.2837  trial_time=1071.4s  ETA=18.91h
  [124/150] nDCG@10=0.2713  best=0.2837  trial_time=1053.0s  ETA=11.77h
  [138/150] nDCG@10=0.1998  best=0.2837  trial_time=796.5s  ETA=5.04h
  [150/150] nDCG@10=0.2837  best=0.2837  trial_time=651.8s  ETA=0.00h
  [161/150] nDCG@10=0.2837  best=0.2837  trial_time=645.7s  ETA=-4.03h
  [175/150] nDCG@10=0.2231  best=0.2837  trial_time=1829.7s  ETA=-9.52h
