
Hyperparameter Tuning — SVD Arm D
  Dataset:  movielens-10m
  Arm:      Joint Positive-Negative SVD (binary targets)
  Label:    pos_ge_5_neg_le_1
  Trials:   200
  Engine:   Optuna TPE
  Output:   outputs/movielens/ml-10m/tuning/arm_d/pos_ge_5_neg_le_1/best_params.json

  Preparing training data (once)...
  Joint train: 1,516,477 positives + 472,744 negatives = 1,989,221 rows

  Preparing candidate cache (once)...
    Candidate cache loaded  (5,000 users) ← candidates_n500_u5000_s42.parquet
    Evaluation users: 5,000

  Resuming Optuna study (5/200 trials done)
  [7/200] nDCG@10=0.0896  best=0.0896  trial_time=221.6s  ETA=11.88h
  [11/200] nDCG@10=0.0060  best=0.0896  trial_time=227.5s  ETA=11.79h
  [15/200] nDCG@10=0.0111  best=0.0896  trial_time=178.1s  ETA=10.74h
  [22/200] nDCG@10=0.1280  best=0.1286  trial_time=663.2s  ETA=15.95h
  [25/200] nDCG@10=0.1313  best=0.1313  trial_time=552.8s  ETA=17.92h
  [27/200] nDCG@10=0.1313  best=0.1313  trial_time=547.4s  ETA=19.15h
  [32/200] nDCG@10=0.1217  best=0.1743  trial_time=547.2s  ETA=19.58h
  [37/200] nDCG@10=0.1743  best=0.1824  trial_time=175.4s  ETA=17.62h
  [40/200] nDCG@10=0.1824  best=0.1824  trial_time=83.8s  ETA=15.79h
  [45/200] nDCG@10=0.1824  best=0.1824  trial_time=81.2s  ETA=14.11h
  [49/200] nDCG@10=0.0038  best=0.1824  trial_time=81.9s  ETA=12.81h
  [53/200] nDCG@10=0.0038  best=0.1824  trial_time=85.9s  ETA=11.73h
  [57/200] nDCG@10=0.1783  best=0.1824  trial_time=80.0s  ETA=10.77h
  [61/200] nDCG@10=0.1020  best=0.1824  trial_time=325.2s  ETA=10.62h
  [63/200] nDCG@10=0.1824  best=0.1824  trial_time=88.4s  ETA=9.99h
  [65/200] nDCG@10=0.1698  best=0.1824  trial_time=81.3s  ETA=9.42h
  [67/200] nDCG@10=0.1806  best=0.1824  trial_time=107.0s  ETA=8.97h
  [70/200] nDCG@10=0.1505  best=0.1824  trial_time=65.4s  ETA=8.41h
  [74/200] nDCG@10=0.1824  best=0.1824  trial_time=91.7s  ETA=7.89h
  [79/200] nDCG@10=0.1701  best=0.1824  trial_time=303.7s  ETA=7.71h
  [81/200] nDCG@10=0.1625  best=0.1824  trial_time=174.0s  ETA=7.50h
  [84/200] nDCG@10=0.1824  best=0.1824  trial_time=81.2s  ETA=7.09h
  [87/200] nDCG@10=0.1824  best=0.1824  trial_time=80.1s  ETA=6.72h
  [91/200] nDCG@10=0.1784  best=0.1824  trial_time=95.9s  ETA=6.33h
  [95/200] nDCG@10=0.1824  best=0.1824  trial_time=79.0s  ETA=5.95h
  [99/200] nDCG@10=0.0038  best=0.1824  trial_time=80.5s  ETA=5.59h
  [102/200] nDCG@10=0.1821  best=0.1824  trial_time=79.6s  ETA=5.30h
  [106/200] nDCG@10=0.1824  best=0.1824  trial_time=79.3s  ETA=4.98h
  [111/200] nDCG@10=0.1506  best=0.1824  trial_time=180.2s  ETA=4.70h
  [113/200] nDCG@10=0.1824  best=0.1824  trial_time=79.3s  ETA=4.51h
  [117/200] nDCG@10=0.1747  best=0.1824  trial_time=78.5s  ETA=4.22h
  [118/200] nDCG@10=0.1700  best=0.1824  trial_time=56.3s  ETA=4.08h
  [125/200] nDCG@10=0.1447  best=0.1824  trial_time=329.1s  ETA=3.83h
  [129/200] nDCG@10=0.1736  best=0.1824  trial_time=203.5s  ETA=3.63h
  [133/200] nDCG@10=0.1770  best=0.1824  trial_time=135.2s  ETA=3.40h
  [137/200] nDCG@10=0.1824  best=0.1824  trial_time=82.3s  ETA=3.15h
  [144/200] nDCG@10=0.0652  best=0.1824  trial_time=237.4s  ETA=2.83h
  [146/200] nDCG@10=0.1824  best=0.1824  trial_time=79.0s  ETA=2.68h
  [156/200] nDCG@10=0.1604  best=0.1824  trial_time=442.4s  ETA=2.27h
  [160/200] nDCG@10=0.1824  best=0.1824  trial_time=79.9s  ETA=2.03h
  [166/200] nDCG@10=0.1684  best=0.1824  trial_time=180.0s  ETA=1.73h
  [169/200] nDCG@10=0.1824  best=0.1824  trial_time=89.3s  ETA=1.56h
  [173/200] nDCG@10=0.1783  best=0.1824  trial_time=84.7s  ETA=1.34h
  [177/200] nDCG@10=0.1824  best=0.1824  trial_time=81.0s  ETA=1.13h
  [181/200] nDCG@10=0.0177  best=0.1824  trial_time=99.5s  ETA=0.92h
  [185/200] nDCG@10=0.1824  best=0.1824  trial_time=83.1s  ETA=0.72h
  [189/200] nDCG@10=0.1824  best=0.1824  trial_time=88.4s  ETA=0.52h
  [193/200] nDCG@10=0.1824  best=0.1824  trial_time=90.8s  ETA=0.33h
  [197/200] nDCG@10=0.1824  best=0.1824  trial_time=89.8s  ETA=0.14h
  [202/200] nDCG@10=0.1220  best=0.1904  trial_time=186.8s  ETA=-0.09h
  [205/200] nDCG@10=0.1904  best=0.1904  trial_time=60.5s  ETA=-0.23h
  [209/200] nDCG@10=0.1904  best=0.1904  trial_time=59.1s  ETA=-0.41h
  [214/200] nDCG@10=0.1904  best=0.1904  trial_time=59.9s  ETA=-0.63h
  [218/200] nDCG@10=0.1904  best=0.1904  trial_time=58.2s  ETA=-0.80h
  [222/200] nDCG@10=0.1904  best=0.1904  trial_time=60.5s  ETA=-0.97h
  [225/200] nDCG@10=0.1904  best=0.1904  trial_time=58.5s  ETA=-1.09h
