
Hyperparameter Tuning — SVD Arm D
  Dataset:  movielens-10m
  Arm:      Joint Positive-Negative SVD (binary targets)
  Label:    pos_ge_5_neg_le_1
  Trials:   200
  Engine:   Optuna TPE
  Output:   outputs/movielens/ml-10m/tuning/arm_d/pos_ge_5_neg_le_1/best_params.json

  Preparing training data (once)...
  Joint train: 1,516,477 positives + 472,744 negatives = 1,989,221 rows

  Preparing candidate cache (once)...
    Candidate cache loaded  (5,000 users) ← candidates_n500_u5000_s42.parquet
    Evaluation users: 5,000

  Resuming Optuna study (5/200 trials done)
  [8/200] nDCG@10=0.0896  best=0.0896  trial_time=224.7s  ETA=11.99h
  [12/200] nDCG@10=0.0060  best=0.0896  trial_time=228.8s  ETA=11.84h
  [16/200] nDCG@10=0.1098  best=0.1098  trial_time=179.2s  ETA=10.78h
  [18/200] nDCG@10=0.1049  best=0.1098  trial_time=338.8s  ETA=12.28h
  [20/200] nDCG@10=0.1286  best=0.1286  trial_time=186.6s  ETA=11.58h
  [26/200] nDCG@10=0.1161  best=0.1313  trial_time=884.7s  ETA=16.46h
  [29/200] nDCG@10=0.1313  best=0.1313  trial_time=550.0s  ETA=17.59h
  [38/200] nDCG@10=0.1102  best=0.1824  trial_time=548.2s  ETA=17.67h
  [42/200] nDCG@10=0.1824  best=0.1824  trial_time=87.3s  ETA=15.74h
  [46/200] nDCG@10=0.1824  best=0.1824  trial_time=85.6s  ETA=14.18h
  [50/200] nDCG@10=0.0038  best=0.1824  trial_time=84.7s  ETA=12.87h
  [54/200] nDCG@10=0.0043  best=0.1824  trial_time=84.4s  ETA=11.77h
  [58/200] nDCG@10=0.0985  best=0.1824  trial_time=187.7s  ETA=11.14h
  [59/200] nDCG@10=0.1208  best=0.1824  trial_time=97.9s  ETA=10.54h
  [66/200] nDCG@10=0.1159  best=0.1824  trial_time=337.1s  ETA=10.19h
  [69/200] nDCG@10=0.0847  best=0.1824  trial_time=58.1s  ETA=9.47h
  [72/200] nDCG@10=0.1674  best=0.1824  trial_time=81.9s  ETA=8.88h
  [76/200] nDCG@10=0.1824  best=0.1824  trial_time=81.6s  ETA=8.28h
  [80/200] nDCG@10=0.0897  best=0.1824  trial_time=333.3s  ETA=8.18h
  [82/200] nDCG@10=0.1812  best=0.1824  trial_time=111.3s  ETA=7.82h
  [85/200] nDCG@10=0.1824  best=0.1824  trial_time=79.9s  ETA=7.38h
  [89/200] nDCG@10=0.1821  best=0.1824  trial_time=95.6s  ETA=6.93h
  [92/200] nDCG@10=0.1783  best=0.1824  trial_time=80.3s  ETA=6.56h
  [96/200] nDCG@10=0.1824  best=0.1824  trial_time=79.5s  ETA=6.15h
  [100/200] nDCG@10=0.0038  best=0.1824  trial_time=79.9s  ETA=5.76h
  [104/200] nDCG@10=0.1821  best=0.1824  trial_time=80.1s  ETA=5.40h
  [107/200] nDCG@10=0.1824  best=0.1824  trial_time=78.6s  ETA=5.11h
  [110/200] nDCG@10=0.1445  best=0.1824  trial_time=79.2s  ETA=4.84h
  [114/200] nDCG@10=0.1006  best=0.1824  trial_time=178.7s  ETA=4.62h
  [119/200] nDCG@10=0.1210  best=0.1824  trial_time=327.8s  ETA=4.45h
  [122/200] nDCG@10=0.1553  best=0.1824  trial_time=109.1s  ETA=4.22h
  [126/200] nDCG@10=0.1824  best=0.1824  trial_time=79.8s  ETA=3.93h
  [130/200] nDCG@10=0.1736  best=0.1824  trial_time=204.4s  ETA=3.73h
  [135/200] nDCG@10=0.1770  best=0.1824  trial_time=134.1s  ETA=3.43h
  [138/200] nDCG@10=0.1824  best=0.1824  trial_time=83.7s  ETA=3.22h
  [142/200] nDCG@10=0.1429  best=0.1824  trial_time=59.5s  ETA=2.95h
  [147/200] nDCG@10=0.0903  best=0.1824  trial_time=232.8s  ETA=2.72h
  [149/200] nDCG@10=0.1572  best=0.1824  trial_time=135.5s  ETA=2.60h
  [157/200] nDCG@10=0.1701  best=0.1824  trial_time=285.2s  ETA=2.22h
  [161/200] nDCG@10=0.1824  best=0.1824  trial_time=81.0s  ETA=1.99h
  [163/200] nDCG@10=0.1824  best=0.1824  trial_time=79.6s  ETA=1.86h
  [168/200] nDCG@10=0.1743  best=0.1824  trial_time=171.4s  ETA=1.61h
  [172/200] nDCG@10=0.1783  best=0.1824  trial_time=81.2s  ETA=1.39h
  [176/200] nDCG@10=0.1824  best=0.1824  trial_time=79.7s  ETA=1.17h
  [180/200] nDCG@10=0.1824  best=0.1824  trial_time=81.6s  ETA=0.97h
  [184/200] nDCG@10=0.1445  best=0.1824  trial_time=81.6s  ETA=0.76h
  [188/200] nDCG@10=0.1824  best=0.1824  trial_time=82.2s  ETA=0.57h
  [191/200] nDCG@10=0.1824  best=0.1824  trial_time=83.8s  ETA=0.42h
  [196/200] nDCG@10=0.1812  best=0.1824  trial_time=112.3s  ETA=0.19h
  [199/200] nDCG@10=0.1824  best=0.1824  trial_time=81.7s  ETA=0.05h
  [206/200] nDCG@10=0.1220  best=0.1904  trial_time=186.4s  ETA=-0.28h
  [210/200] nDCG@10=0.1904  best=0.1904  trial_time=59.0s  ETA=-0.45h
  [213/200] nDCG@10=0.1904  best=0.1904  trial_time=58.0s  ETA=-0.58h
  [217/200] nDCG@10=0.1904  best=0.1904  trial_time=58.3s  ETA=-0.75h
  [221/200] nDCG@10=0.1904  best=0.1904  trial_time=58.7s  ETA=-0.92h
