
Hyperparameter Tuning — SVD Arm D
  Dataset:  movielens-10m
  Arm:      Joint Positive-Negative SVD (binary targets)
  Label:    pos_ge_4_neg_le_2
  Trials:   150
  Engine:   Optuna TPE
  Output:   outputs/movielens/ml-10m/tuning/arm_d/pos_ge_4_neg_le_2/best_params.json

  Preparing training data (once)...
  Joint train: 4,929,146 positives + 1,370,442 negatives = 6,299,588 rows

  Preparing candidate cache (once)...
    Candidate cache loaded  (5,000 users) ← candidates_n500_u5000_s42.parquet
    Evaluation users: 5,000

  Resuming Optuna study (6/150 trials done)
  [7/150] nDCG@10=0.0454  best=0.0454  trial_time=802.2s  ETA=31.86h
  [22/150] nDCG@10=0.0099  best=0.1135  trial_time=757.1s  ETA=27.72h
  [26/150] nDCG@10=0.1135  best=0.1135  trial_time=414.8s  ETA=22.67h
  [52/150] nDCG@10=0.1135  best=0.1135  trial_time=448.5s  ETA=16.49h
  [78/150] nDCG@10=0.1453  best=0.1892  trial_time=837.7s  ETA=13.04h
  [127/150] nDCG@10=0.0010  best=0.2124  trial_time=1266.0s  ETA=4.82h
  [161/150] nDCG@10=0.2124  best=0.2124  trial_time=370.2s  ETA=-2.14h
  [188/150] nDCG@10=0.0589  best=0.2124  trial_time=332.7s  ETA=-6.90h
