
Hyperparameter Tuning — SVD Arm D
  Dataset:  movielens-20m
  Arm:      Joint Positive-Negative SVD (binary targets)
  Label:    pos_ge_5_neg_le_1
  Trials:   200
  Engine:   Optuna TPE
  Output:   outputs/movielens/ml-20m/tuning/arm_d/pos_ge_5_neg_le_1/best_params.json

  Preparing training data (once)...
  Joint train: 2,844,951 positives + 906,200 negatives = 3,751,151 rows

  Preparing candidate cache (once)...
    Candidate cache loaded  (5,000 users) ← candidates_n500_u5000_s42.parquet
    Evaluation users: 5,000

  Resuming Optuna study (145/200 trials done)
  [147/200] nDCG@10=0.2102  best=0.2218  trial_time=118.8s  ETA=1.75h
  [151/200] nDCG@10=0.1875  best=0.2218  trial_time=270.7s  ETA=2.65h
  [152/200] nDCG@10=0.2102  best=0.2218  trial_time=114.3s  ETA=2.24h
  [154/200] nDCG@10=0.0451  best=0.2218  trial_time=841.4s  ETA=4.30h
  [156/200] nDCG@10=0.2102  best=0.2218  trial_time=120.8s  ETA=3.58h
  [158/200] nDCG@10=0.0531  best=0.2218  trial_time=122.4s  ETA=3.09h
  [163/200] nDCG@10=0.1083  best=0.2218  trial_time=380.3s  ETA=2.89h
  [170/200] nDCG@10=0.2102  best=0.2218  trial_time=118.6s  ETA=2.17h
  [183/200] nDCG@10=0.2085  best=0.2218  trial_time=191.4s  ETA=1.20h
  [195/200] nDCG@10=0.2224  best=0.2224  trial_time=166.8s  ETA=0.34h
