
Hyperparameter Tuning — SVD Arm D
  Dataset:  movielens-10m
  Arm:      Joint Positive-Negative SVD (binary targets)
  Label:    pos_ge_3_neg_le_2
  Trials:   200
  Engine:   Optuna TPE
  Output:   outputs/movielens/ml-10m/tuning/arm_d/pos_ge_3_neg_le_2/best_params.json

  Preparing training data (once)...
  Joint train: 8,121,671 positives + 1,370,442 negatives = 9,492,113 rows

  Preparing candidate cache (once)...
    Candidate cache loaded  (5,000 users) ← candidates_n500_u5000_s42.parquet
    Evaluation users: 5,000

  [4/200] nDCG@10=0.0236  best=0.0236  trial_time=1206.6s  ETA=65.69h
  [5/200] nDCG@10=0.0039  best=0.0236  trial_time=1103.0s  ETA=62.55h
  [10/200] nDCG@10=0.0025  best=0.0236  trial_time=724.4s  ETA=53.38h
  [13/200] nDCG@10=0.1031  best=0.1031  trial_time=577.4s  ETA=46.90h
  [15/200] nDCG@10=0.1031  best=0.1031  trial_time=590.5s  ETA=43.19h
  [19/200] nDCG@10=0.1031  best=0.1031  trial_time=555.4s  ETA=39.86h
  [24/200] nDCG@10=0.2023  best=0.2308  trial_time=1368.0s  ETA=42.78h
  [30/200] nDCG@10=0.2023  best=0.2354  trial_time=1367.1s  ETA=44.23h
